Component: ARM Compiler 5.06 update 5 (build 528) Tool: armlink [4d35e2]

==============================================================================

Section Cross References

    main.o(.text) refers to serial_debug.o(.text) for init_serial_debug
    main.o(.text) refers to lcd.o(.text) for lcd_config_gpio
    main.o(.text) refers to io_expander.o(.text) for io_expander_init
    main.o(.text) refers to eeprom.o(.text) for eeprom_init
    main.o(.text) refers to qei.o(.text) for qei0_init
    main.o(.text) refers to timers.o(.text) for gp_timer_config_32
    main.o(.text) refers to ps2.o(.text) for ps2_initialize
    main.o(.text) refers to launchpad_io.o(.text) for lp_io_init
    main.o(.text) refers to adc.o(.text) for start_adc_conversion
    main.o(.text) refers to rand.o(.text) for rand
    main.o(.text) refers to malloc.o(i.malloc) for malloc
    main.o(.text) refers to malloc.o(i.free) for free
    main.o(.text) refers to main.o(.data) for state
    main.o(.text) refers to hw3_images.o(.constdata) for wallBitMap
    main.o(.text) refers to printf8.o(i.__0printf$8) for __2printf
    main.o(.text) refers to ece353_hw2_fonts.o(.text) for lcd_print_stringXY
    main.o(.text) refers to printf8.o(i.__0sprintf$8) for __2sprintf
    main.o(.text) refers to main.o(.bss) for scores
    ece353_hw2_fonts.o(.text) refers to lcd.o(.text) for lcd_set_pos
    ece353_hw2_fonts.o(.text) refers to lcd.o(i.lcd_write_data_u16) for lcd_write_data_u16
    ece353_hw2_fonts.o(.text) refers to ece353_hw2_fonts.o(.constdata) for courierNewBitmap
    pc_buffer.o(.text) refers to malloc.o(i.malloc) for malloc
    qei.o(.text) refers to gpio_port.o(.text) for gpio_enable_port
    launchpad_io.o(.text) refers to gpio_port.o(.text) for gpio_enable_port
    lcd.o(.text) refers to lcd.o(i.lcd_write_data_u16) for lcd_write_data_u16
    lcd.o(.text) refers to gpio_port.o(.text) for gpio_enable_port
    ps2.o(.text) refers to gpio_port.o(.text) for gpio_enable_port
    ps2.o(.text) refers to adc.o(.text) for initialize_adc_timer_trigger
    mcp23017.o(.text) refers to gpio_port.o(.text) for gpio_enable_port
    mcp23017.o(.text) refers to i2c.o(.text) for initializeI2CMaster
    mcp23017.o(.text) refers to validate_uart.o(.text) for put_string
    eeprom.o(.text) refers to i2c.o(.text) for i2cVerifyBaseAddr
    eeprom.o(.text) refers to gpio_port.o(.text) for gpio_enable_port
    io_expander.o(.text) refers to gpio_port.o(.text) for gpio_enable_port
    io_expander.o(.text) refers to i2c.o(.text) for initializeI2CMaster
    io_expander.o(.text) refers to validate_uart.o(.text) for put_string
    serial_debug.o(.text) refers to gpio_port.o(.text) for gpio_enable_port
    serial_debug.o(.text) refers to pc_buffer.o(.text) for pc_buffer_init
    serial_debug.o(.text) refers to uart.o(.text) for uart_init
    serial_debug.o(.text) refers to main.o(.text) for DisableInterrupts
    serial_debug.o(.text) refers to serial_debug.o(.data) for Rx_Interrupts_Enabled
    serial_debug.o(.text) refers to serial_debug.o(.bss) for UART0_Tx_Buffer
    serial_debug.o(.text) refers to stdout.o(.data) for __stdout
    startup_tm4c123.o(RESET) refers to startup_tm4c123.o(STACK) for __initial_sp
    startup_tm4c123.o(RESET) refers to startup_tm4c123.o(.text) for Reset_Handler
    startup_tm4c123.o(RESET) refers to main.o(.text) for SysTick_Handler
    startup_tm4c123.o(RESET) refers to serial_debug.o(.text) for UART0_Handler
    startup_tm4c123.o(.text) refers to system_tm4c123.o(.text) for SystemInit
    startup_tm4c123.o(.text) refers to entry.o(.ARM.Collect$$$$00000000) for __main
    system_tm4c123.o(.text) refers to system_tm4c123.o(.data) for SystemCoreClock
    validate_uart.o(.text) refers to printf8.o(i.__0sprintf$8) for __2sprintf
    validate_uart.o(.text) refers to validate_sysctl.o(.text) for validate_uart_rcgc
    validate_uart.o(.text) refers to validate_uart.o(.conststring) for .conststring
    entry.o(.ARM.Collect$$$$00000000) refers (Special) to entry10a.o(.ARM.Collect$$$$0000000D) for __rt_final_cpp
    entry.o(.ARM.Collect$$$$00000000) refers (Special) to entry11a.o(.ARM.Collect$$$$0000000F) for __rt_final_exit
    entry.o(.ARM.Collect$$$$00000000) refers (Special) to entry7b.o(.ARM.Collect$$$$00000008) for _main_clock
    entry.o(.ARM.Collect$$$$00000000) refers (Special) to entry8b.o(.ARM.Collect$$$$0000000A) for _main_cpp_init
    entry.o(.ARM.Collect$$$$00000000) refers (Special) to entry9a.o(.ARM.Collect$$$$0000000B) for _main_init
    entry.o(.ARM.Collect$$$$00000000) refers (Special) to entry5.o(.ARM.Collect$$$$00000004) for _main_scatterload
    entry.o(.ARM.Collect$$$$00000000) refers (Special) to entry2.o(.ARM.Collect$$$$00000001) for _main_stk
    rand.o(.text) refers to rand.o(.data) for .data
    printfb.o(i.__0fprintf$bare) refers to printfb.o(i._printf_core) for _printf_core
    printfb.o(i.__0fprintf$bare) refers to serial_debug.o(.text) for fputc
    printfb.o(i.__0printf$bare) refers to printfb.o(i._printf_core) for _printf_core
    printfb.o(i.__0printf$bare) refers to serial_debug.o(.text) for fputc
    printfb.o(i.__0printf$bare) refers to stdout.o(.data) for __stdout
    printfb.o(i.__0snprintf$bare) refers to printfb.o(i._printf_core) for _printf_core
    printfb.o(i.__0snprintf$bare) refers to printfb.o(i._snputc) for _snputc
    printfb.o(i.__0sprintf$bare) refers to printfb.o(i._printf_core) for _printf_core
    printfb.o(i.__0sprintf$bare) refers to printfb.o(i._sputc) for _sputc
    printfb.o(i.__0vfprintf$bare) refers to printfb.o(i._printf_core) for _printf_core
    printfb.o(i.__0vfprintf$bare) refers to serial_debug.o(.text) for fputc
    printfb.o(i.__0vprintf$bare) refers to printfb.o(i._printf_core) for _printf_core
    printfb.o(i.__0vprintf$bare) refers to serial_debug.o(.text) for fputc
    printfb.o(i.__0vprintf$bare) refers to stdout.o(.data) for __stdout
    printfb.o(i.__0vsnprintf$bare) refers to printfb.o(i._printf_core) for _printf_core
    printfb.o(i.__0vsnprintf$bare) refers to printfb.o(i._snputc) for _snputc
    printfb.o(i.__0vsprintf$bare) refers to printfb.o(i._printf_core) for _printf_core
    printfb.o(i.__0vsprintf$bare) refers to printfb.o(i._sputc) for _sputc
    printf0.o(i.__0fprintf$0) refers to printf0.o(i._printf_core) for _printf_core
    printf0.o(i.__0fprintf$0) refers to serial_debug.o(.text) for fputc
    printf0.o(i.__0printf$0) refers to printf0.o(i._printf_core) for _printf_core
    printf0.o(i.__0printf$0) refers to serial_debug.o(.text) for fputc
    printf0.o(i.__0printf$0) refers to stdout.o(.data) for __stdout
    printf0.o(i.__0snprintf$0) refers to printf0.o(i._printf_core) for _printf_core
    printf0.o(i.__0snprintf$0) refers to printf0.o(i._snputc) for _snputc
    printf0.o(i.__0sprintf$0) refers to printf0.o(i._printf_core) for _printf_core
    printf0.o(i.__0sprintf$0) refers to printf0.o(i._sputc) for _sputc
    printf0.o(i.__0vfprintf$0) refers to printf0.o(i._printf_core) for _printf_core
    printf0.o(i.__0vfprintf$0) refers to serial_debug.o(.text) for fputc
    printf0.o(i.__0vprintf$0) refers to printf0.o(i._printf_core) for _printf_core
    printf0.o(i.__0vprintf$0) refers to serial_debug.o(.text) for fputc
    printf0.o(i.__0vprintf$0) refers to stdout.o(.data) for __stdout
    printf0.o(i.__0vsnprintf$0) refers to printf0.o(i._printf_core) for _printf_core
    printf0.o(i.__0vsnprintf$0) refers to printf0.o(i._snputc) for _snputc
    printf0.o(i.__0vsprintf$0) refers to printf0.o(i._printf_core) for _printf_core
    printf0.o(i.__0vsprintf$0) refers to printf0.o(i._sputc) for _sputc
    printf1.o(i.__0fprintf$1) refers to printf1.o(i._printf_core) for _printf_core
    printf1.o(i.__0fprintf$1) refers to serial_debug.o(.text) for fputc
    printf1.o(i.__0printf$1) refers to printf1.o(i._printf_core) for _printf_core
    printf1.o(i.__0printf$1) refers to serial_debug.o(.text) for fputc
    printf1.o(i.__0printf$1) refers to stdout.o(.data) for __stdout
    printf1.o(i.__0snprintf$1) refers to printf1.o(i._printf_core) for _printf_core
    printf1.o(i.__0snprintf$1) refers to printf1.o(i._snputc) for _snputc
    printf1.o(i.__0sprintf$1) refers to printf1.o(i._printf_core) for _printf_core
    printf1.o(i.__0sprintf$1) refers to printf1.o(i._sputc) for _sputc
    printf1.o(i.__0vfprintf$1) refers to printf1.o(i._printf_core) for _printf_core
    printf1.o(i.__0vfprintf$1) refers to serial_debug.o(.text) for fputc
    printf1.o(i.__0vprintf$1) refers to printf1.o(i._printf_core) for _printf_core
    printf1.o(i.__0vprintf$1) refers to serial_debug.o(.text) for fputc
    printf1.o(i.__0vprintf$1) refers to stdout.o(.data) for __stdout
    printf1.o(i.__0vsnprintf$1) refers to printf1.o(i._printf_core) for _printf_core
    printf1.o(i.__0vsnprintf$1) refers to printf1.o(i._snputc) for _snputc
    printf1.o(i.__0vsprintf$1) refers to printf1.o(i._printf_core) for _printf_core
    printf1.o(i.__0vsprintf$1) refers to printf1.o(i._sputc) for _sputc
    printf1.o(i._printf_core) refers to uidiv.o(.text) for __aeabi_uidivmod
    printf2.o(i.__0fprintf$2) refers to printf2.o(i._printf_core) for _printf_core
    printf2.o(i.__0fprintf$2) refers to serial_debug.o(.text) for fputc
    printf2.o(i.__0printf$2) refers to printf2.o(i._printf_core) for _printf_core
    printf2.o(i.__0printf$2) refers to serial_debug.o(.text) for fputc
    printf2.o(i.__0printf$2) refers to stdout.o(.data) for __stdout
    printf2.o(i.__0snprintf$2) refers to printf2.o(i._printf_core) for _printf_core
    printf2.o(i.__0snprintf$2) refers to printf2.o(i._snputc) for _snputc
    printf2.o(i.__0sprintf$2) refers to printf2.o(i._printf_core) for _printf_core
    printf2.o(i.__0sprintf$2) refers to printf2.o(i._sputc) for _sputc
    printf2.o(i.__0vfprintf$2) refers to printf2.o(i._printf_core) for _printf_core
    printf2.o(i.__0vfprintf$2) refers to serial_debug.o(.text) for fputc
    printf2.o(i.__0vprintf$2) refers to printf2.o(i._printf_core) for _printf_core
    printf2.o(i.__0vprintf$2) refers to serial_debug.o(.text) for fputc
    printf2.o(i.__0vprintf$2) refers to stdout.o(.data) for __stdout
    printf2.o(i.__0vsnprintf$2) refers to printf2.o(i._printf_core) for _printf_core
    printf2.o(i.__0vsnprintf$2) refers to printf2.o(i._snputc) for _snputc
    printf2.o(i.__0vsprintf$2) refers to printf2.o(i._printf_core) for _printf_core
    printf2.o(i.__0vsprintf$2) refers to printf2.o(i._sputc) for _sputc
    printf3.o(i.__0fprintf$3) refers to printf3.o(i._printf_core) for _printf_core
    printf3.o(i.__0fprintf$3) refers to serial_debug.o(.text) for fputc
    printf3.o(i.__0printf$3) refers to printf3.o(i._printf_core) for _printf_core
    printf3.o(i.__0printf$3) refers to serial_debug.o(.text) for fputc
    printf3.o(i.__0printf$3) refers to stdout.o(.data) for __stdout
    printf3.o(i.__0snprintf$3) refers to printf3.o(i._printf_core) for _printf_core
    printf3.o(i.__0snprintf$3) refers to printf3.o(i._snputc) for _snputc
    printf3.o(i.__0sprintf$3) refers to printf3.o(i._printf_core) for _printf_core
    printf3.o(i.__0sprintf$3) refers to printf3.o(i._sputc) for _sputc
    printf3.o(i.__0vfprintf$3) refers to printf3.o(i._printf_core) for _printf_core
    printf3.o(i.__0vfprintf$3) refers to serial_debug.o(.text) for fputc
    printf3.o(i.__0vprintf$3) refers to printf3.o(i._printf_core) for _printf_core
    printf3.o(i.__0vprintf$3) refers to serial_debug.o(.text) for fputc
    printf3.o(i.__0vprintf$3) refers to stdout.o(.data) for __stdout
    printf3.o(i.__0vsnprintf$3) refers to printf3.o(i._printf_core) for _printf_core
    printf3.o(i.__0vsnprintf$3) refers to printf3.o(i._snputc) for _snputc
    printf3.o(i.__0vsprintf$3) refers to printf3.o(i._printf_core) for _printf_core
    printf3.o(i.__0vsprintf$3) refers to printf3.o(i._sputc) for _sputc
    printf3.o(i._printf_core) refers to uidiv.o(.text) for __aeabi_uidivmod
    printf4.o(i.__0fprintf$4) refers to printf4.o(i._printf_core) for _printf_core
    printf4.o(i.__0fprintf$4) refers to serial_debug.o(.text) for fputc
    printf4.o(i.__0printf$4) refers to printf4.o(i._printf_core) for _printf_core
    printf4.o(i.__0printf$4) refers to serial_debug.o(.text) for fputc
    printf4.o(i.__0printf$4) refers to stdout.o(.data) for __stdout
    printf4.o(i.__0snprintf$4) refers to printf4.o(i._printf_core) for _printf_core
    printf4.o(i.__0snprintf$4) refers to printf4.o(i._snputc) for _snputc
    printf4.o(i.__0sprintf$4) refers to printf4.o(i._printf_core) for _printf_core
    printf4.o(i.__0sprintf$4) refers to printf4.o(i._sputc) for _sputc
    printf4.o(i.__0vfprintf$4) refers to printf4.o(i._printf_core) for _printf_core
    printf4.o(i.__0vfprintf$4) refers to serial_debug.o(.text) for fputc
    printf4.o(i.__0vprintf$4) refers to printf4.o(i._printf_core) for _printf_core
    printf4.o(i.__0vprintf$4) refers to serial_debug.o(.text) for fputc
    printf4.o(i.__0vprintf$4) refers to stdout.o(.data) for __stdout
    printf4.o(i.__0vsnprintf$4) refers to printf4.o(i._printf_core) for _printf_core
    printf4.o(i.__0vsnprintf$4) refers to printf4.o(i._snputc) for _snputc
    printf4.o(i.__0vsprintf$4) refers to printf4.o(i._printf_core) for _printf_core
    printf4.o(i.__0vsprintf$4) refers to printf4.o(i._sputc) for _sputc
    printf4.o(i._printf_core) refers to uldiv.o(.text) for __aeabi_uldivmod
    printf5.o(i.__0fprintf$5) refers to printf5.o(i._printf_core) for _printf_core
    printf5.o(i.__0fprintf$5) refers to serial_debug.o(.text) for fputc
    printf5.o(i.__0printf$5) refers to printf5.o(i._printf_core) for _printf_core
    printf5.o(i.__0printf$5) refers to serial_debug.o(.text) for fputc
    printf5.o(i.__0printf$5) refers to stdout.o(.data) for __stdout
    printf5.o(i.__0snprintf$5) refers to printf5.o(i._printf_core) for _printf_core
    printf5.o(i.__0snprintf$5) refers to printf5.o(i._snputc) for _snputc
    printf5.o(i.__0sprintf$5) refers to printf5.o(i._printf_core) for _printf_core
    printf5.o(i.__0sprintf$5) refers to printf5.o(i._sputc) for _sputc
    printf5.o(i.__0vfprintf$5) refers to printf5.o(i._printf_core) for _printf_core
    printf5.o(i.__0vfprintf$5) refers to serial_debug.o(.text) for fputc
    printf5.o(i.__0vprintf$5) refers to printf5.o(i._printf_core) for _printf_core
    printf5.o(i.__0vprintf$5) refers to serial_debug.o(.text) for fputc
    printf5.o(i.__0vprintf$5) refers to stdout.o(.data) for __stdout
    printf5.o(i.__0vsnprintf$5) refers to printf5.o(i._printf_core) for _printf_core
    printf5.o(i.__0vsnprintf$5) refers to printf5.o(i._snputc) for _snputc
    printf5.o(i.__0vsprintf$5) refers to printf5.o(i._printf_core) for _printf_core
    printf5.o(i.__0vsprintf$5) refers to printf5.o(i._sputc) for _sputc
    printf5.o(i._printf_core) refers to uldiv.o(.text) for __aeabi_uldivmod
    printf6.o(i.__0fprintf$6) refers to printf6.o(i._printf_core) for _printf_core
    printf6.o(i.__0fprintf$6) refers to serial_debug.o(.text) for fputc
    printf6.o(i.__0printf$6) refers to printf6.o(i._printf_core) for _printf_core
    printf6.o(i.__0printf$6) refers to serial_debug.o(.text) for fputc
    printf6.o(i.__0printf$6) refers to stdout.o(.data) for __stdout
    printf6.o(i.__0snprintf$6) refers to printf6.o(i._printf_core) for _printf_core
    printf6.o(i.__0snprintf$6) refers to printf6.o(i._snputc) for _snputc
    printf6.o(i.__0sprintf$6) refers to printf6.o(i._printf_core) for _printf_core
    printf6.o(i.__0sprintf$6) refers to printf6.o(i._sputc) for _sputc
    printf6.o(i.__0vfprintf$6) refers to printf6.o(i._printf_core) for _printf_core
    printf6.o(i.__0vfprintf$6) refers to serial_debug.o(.text) for fputc
    printf6.o(i.__0vprintf$6) refers to printf6.o(i._printf_core) for _printf_core
    printf6.o(i.__0vprintf$6) refers to serial_debug.o(.text) for fputc
    printf6.o(i.__0vprintf$6) refers to stdout.o(.data) for __stdout
    printf6.o(i.__0vsnprintf$6) refers to printf6.o(i._printf_core) for _printf_core
    printf6.o(i.__0vsnprintf$6) refers to printf6.o(i._snputc) for _snputc
    printf6.o(i.__0vsprintf$6) refers to printf6.o(i._printf_core) for _printf_core
    printf6.o(i.__0vsprintf$6) refers to printf6.o(i._sputc) for _sputc
    printf6.o(i._printf_core) refers to printf6.o(i._printf_pre_padding) for _printf_pre_padding
    printf6.o(i._printf_core) refers to uidiv.o(.text) for __aeabi_uidivmod
    printf6.o(i._printf_core) refers to printf6.o(i._printf_post_padding) for _printf_post_padding
    printf7.o(i.__0fprintf$7) refers to printf7.o(i._printf_core) for _printf_core
    printf7.o(i.__0fprintf$7) refers to serial_debug.o(.text) for fputc
    printf7.o(i.__0printf$7) refers to printf7.o(i._printf_core) for _printf_core
    printf7.o(i.__0printf$7) refers to serial_debug.o(.text) for fputc
    printf7.o(i.__0printf$7) refers to stdout.o(.data) for __stdout
    printf7.o(i.__0snprintf$7) refers to printf7.o(i._printf_core) for _printf_core
    printf7.o(i.__0snprintf$7) refers to printf7.o(i._snputc) for _snputc
    printf7.o(i.__0sprintf$7) refers to printf7.o(i._printf_core) for _printf_core
    printf7.o(i.__0sprintf$7) refers to printf7.o(i._sputc) for _sputc
    printf7.o(i.__0vfprintf$7) refers to printf7.o(i._printf_core) for _printf_core
    printf7.o(i.__0vfprintf$7) refers to serial_debug.o(.text) for fputc
    printf7.o(i.__0vprintf$7) refers to printf7.o(i._printf_core) for _printf_core
    printf7.o(i.__0vprintf$7) refers to serial_debug.o(.text) for fputc
    printf7.o(i.__0vprintf$7) refers to stdout.o(.data) for __stdout
    printf7.o(i.__0vsnprintf$7) refers to printf7.o(i._printf_core) for _printf_core
    printf7.o(i.__0vsnprintf$7) refers to printf7.o(i._snputc) for _snputc
    printf7.o(i.__0vsprintf$7) refers to printf7.o(i._printf_core) for _printf_core
    printf7.o(i.__0vsprintf$7) refers to printf7.o(i._sputc) for _sputc
    printf7.o(i._printf_core) refers to printf7.o(i._printf_pre_padding) for _printf_pre_padding
    printf7.o(i._printf_core) refers to uldiv.o(.text) for __aeabi_uldivmod
    printf7.o(i._printf_core) refers to printf7.o(i._printf_post_padding) for _printf_post_padding
    printf8.o(i.__0fprintf$8) refers to printf8.o(i._printf_core) for _printf_core
    printf8.o(i.__0fprintf$8) refers to serial_debug.o(.text) for fputc
    printf8.o(i.__0printf$8) refers to printf8.o(i._printf_core) for _printf_core
    printf8.o(i.__0printf$8) refers to serial_debug.o(.text) for fputc
    printf8.o(i.__0printf$8) refers to stdout.o(.data) for __stdout
    printf8.o(i.__0snprintf$8) refers to printf8.o(i._printf_core) for _printf_core
    printf8.o(i.__0snprintf$8) refers to printf8.o(i._snputc) for _snputc
    printf8.o(i.__0sprintf$8) refers to printf8.o(i._printf_core) for _printf_core
    printf8.o(i.__0sprintf$8) refers to printf8.o(i._sputc) for _sputc
    printf8.o(i.__0vfprintf$8) refers to printf8.o(i._printf_core) for _printf_core
    printf8.o(i.__0vfprintf$8) refers to serial_debug.o(.text) for fputc
    printf8.o(i.__0vprintf$8) refers to printf8.o(i._printf_core) for _printf_core
    printf8.o(i.__0vprintf$8) refers to serial_debug.o(.text) for fputc
    printf8.o(i.__0vprintf$8) refers to stdout.o(.data) for __stdout
    printf8.o(i.__0vsnprintf$8) refers to printf8.o(i._printf_core) for _printf_core
    printf8.o(i.__0vsnprintf$8) refers to printf8.o(i._snputc) for _snputc
    printf8.o(i.__0vsprintf$8) refers to printf8.o(i._printf_core) for _printf_core
    printf8.o(i.__0vsprintf$8) refers to printf8.o(i._sputc) for _sputc
    printf8.o(i._printf_core) refers to printf8.o(i._printf_pre_padding) for _printf_pre_padding
    printf8.o(i._printf_core) refers to uldiv.o(.text) for __aeabi_uldivmod
    printf8.o(i._printf_core) refers to printf8.o(i._printf_post_padding) for _printf_post_padding
    printfa.o(i.__0fprintf) refers (Special) to iusefp.o(.text) for __I$use$fp
    printfa.o(i.__0fprintf) refers to printfa.o(i._printf_core) for _printf_core
    printfa.o(i.__0fprintf) refers to serial_debug.o(.text) for fputc
    printfa.o(i.__0printf) refers (Special) to iusefp.o(.text) for __I$use$fp
    printfa.o(i.__0printf) refers to printfa.o(i._printf_core) for _printf_core
    printfa.o(i.__0printf) refers to serial_debug.o(.text) for fputc
    printfa.o(i.__0printf) refers to stdout.o(.data) for __stdout
    printfa.o(i.__0snprintf) refers (Special) to iusefp.o(.text) for __I$use$fp
    printfa.o(i.__0snprintf) refers to printfa.o(i._printf_core) for _printf_core
    printfa.o(i.__0snprintf) refers to printfa.o(i._snputc) for _snputc
    printfa.o(i.__0sprintf) refers (Special) to iusefp.o(.text) for __I$use$fp
    printfa.o(i.__0sprintf) refers to printfa.o(i._printf_core) for _printf_core
    printfa.o(i.__0sprintf) refers to printfa.o(i._sputc) for _sputc
    printfa.o(i.__0vfprintf) refers (Special) to iusefp.o(.text) for __I$use$fp
    printfa.o(i.__0vfprintf) refers to printfa.o(i._printf_core) for _printf_core
    printfa.o(i.__0vfprintf) refers to serial_debug.o(.text) for fputc
    printfa.o(i.__0vprintf) refers (Special) to iusefp.o(.text) for __I$use$fp
    printfa.o(i.__0vprintf) refers to printfa.o(i._printf_core) for _printf_core
    printfa.o(i.__0vprintf) refers to serial_debug.o(.text) for fputc
    printfa.o(i.__0vprintf) refers to stdout.o(.data) for __stdout
    printfa.o(i.__0vsnprintf) refers (Special) to iusefp.o(.text) for __I$use$fp
    printfa.o(i.__0vsnprintf) refers to printfa.o(i._printf_core) for _printf_core
    printfa.o(i.__0vsnprintf) refers to printfa.o(i._snputc) for _snputc
    printfa.o(i.__0vsprintf) refers (Special) to iusefp.o(.text) for __I$use$fp
    printfa.o(i.__0vsprintf) refers to printfa.o(i._printf_core) for _printf_core
    printfa.o(i.__0vsprintf) refers to printfa.o(i._sputc) for _sputc
    printfa.o(i._fp_digits) refers (Special) to iusefp.o(.text) for __I$use$fp
    printfa.o(i._fp_digits) refers to dmul.o(.text) for __aeabi_dmul
    printfa.o(i._fp_digits) refers to ddiv.o(.text) for __aeabi_ddiv
    printfa.o(i._fp_digits) refers to cdrcmple.o(.text) for __aeabi_cdrcmple
    printfa.o(i._fp_digits) refers to dadd.o(.text) for __aeabi_dadd
    printfa.o(i._fp_digits) refers to dfixul.o(.text) for __aeabi_d2ulz
    printfa.o(i._fp_digits) refers to uldiv.o(.text) for __aeabi_uldivmod
    printfa.o(i._printf_core) refers (Special) to iusefp.o(.text) for __I$use$fp
    printfa.o(i._printf_core) refers to printfa.o(i._printf_pre_padding) for _printf_pre_padding
    printfa.o(i._printf_core) refers to uldiv.o(.text) for __aeabi_uldivmod
    printfa.o(i._printf_core) refers to printfa.o(i._printf_post_padding) for _printf_post_padding
    printfa.o(i._printf_core) refers to printfa.o(i._fp_digits) for _fp_digits
    printfa.o(i._printf_core) refers to uidiv.o(.text) for __aeabi_uidivmod
    printfa.o(i._printf_post_padding) refers (Special) to iusefp.o(.text) for __I$use$fp
    printfa.o(i._printf_pre_padding) refers (Special) to iusefp.o(.text) for __I$use$fp
    printfa.o(i._snputc) refers (Special) to iusefp.o(.text) for __I$use$fp
    printfa.o(i._sputc) refers (Special) to iusefp.o(.text) for __I$use$fp
    malloc.o(i.free) refers to mvars.o(.data) for __microlib_freelist
    malloc.o(i.malloc) refers to mvars.o(.data) for __microlib_freelist_initialised
    malloc.o(i.malloc) refers to mvars.o(.data) for __microlib_freelist
    malloc.o(i.malloc) refers to startup_tm4c123.o(HEAP) for __heap_base
    mallocr.o(i.__free$realloc) refers to mvars.o(.data) for __microlib_freelist
    mallocr.o(i.__malloc$realloc) refers to mallocr.o(i.internal_alloc) for internal_alloc
    mallocr.o(i.__malloc$realloc) refers to mvars.o(.data) for __microlib_freelist_initialised
    mallocr.o(i.__malloc$realloc) refers to startup_tm4c123.o(HEAP) for __heap_base
    mallocr.o(i.__malloc$realloc) refers to mvars.o(.data) for __microlib_freelist
    mallocr.o(i.internal_alloc) refers to memcpya.o(.text) for __aeabi_memcpy
    mallocr.o(i.internal_alloc) refers to mvars.o(.data) for __microlib_freelist
    mallocr.o(i.realloc) refers to mallocr.o(i.__free$realloc) for __free$realloc
    mallocr.o(i.realloc) refers to mallocr.o(i.internal_alloc) for internal_alloc
    mallocr.o(i.realloc) refers to mallocr.o(i.__malloc$realloc) for __malloc$realloc
    mallocr.o(i.realloc) refers to mvars.o(.data) for __microlib_freelist
    malloca.o(i.__aligned_malloc) refers to mvars.o(.data) for __microlib_freelist_initialised
    malloca.o(i.__aligned_malloc) refers to mvars.o(.data) for __microlib_freelist
    malloca.o(i.__aligned_malloc) refers to startup_tm4c123.o(HEAP) for __heap_base
    malloca.o(i.__free$memalign) refers to mvars.o(.data) for __microlib_freelist
    malloca.o(i.__malloc$memalign) refers to malloca.o(i.__aligned_malloc) for __aligned_malloc
    mallocra.o(i.__aligned_malloc$realloc) refers to mallocra.o(i.internal_alloc) for internal_alloc
    mallocra.o(i.__aligned_malloc$realloc) refers to mvars.o(.data) for __microlib_freelist_initialised
    mallocra.o(i.__aligned_malloc$realloc) refers to startup_tm4c123.o(HEAP) for __heap_base
    mallocra.o(i.__aligned_malloc$realloc) refers to mvars.o(.data) for __microlib_freelist
    mallocra.o(i.__free$realloc$memalign) refers to mvars.o(.data) for __microlib_freelist
    mallocra.o(i.__malloc$realloc$memalign) refers to mallocra.o(i.__aligned_malloc$realloc) for __aligned_malloc$realloc
    mallocra.o(i.__realloc$memalign) refers to mallocra.o(i.__free$realloc$memalign) for __free$realloc$memalign
    mallocra.o(i.__realloc$memalign) refers to mallocra.o(i.internal_alloc) for internal_alloc
    mallocra.o(i.__realloc$memalign) refers to mallocra.o(i.__malloc$realloc$memalign) for __malloc$realloc$memalign
    mallocra.o(i.__realloc$memalign) refers to mvars.o(.data) for __microlib_freelist
    mallocra.o(i.internal_alloc) refers to memcpya.o(.text) for __aeabi_memcpy
    mallocra.o(i.internal_alloc) refers to mvars.o(.data) for __microlib_freelist
    entry2.o(.ARM.Collect$$$$00000001) refers to entry2.o(.ARM.Collect$$$$00002712) for __lit__00000000
    entry2.o(.ARM.Collect$$$$00002712) refers to startup_tm4c123.o(STACK) for __initial_sp
    entry2.o(__vectab_stack_and_reset_area) refers to startup_tm4c123.o(STACK) for __initial_sp
    entry2.o(__vectab_stack_and_reset_area) refers to entry.o(.ARM.Collect$$$$00000000) for __main
    entry5.o(.ARM.Collect$$$$00000004) refers to init.o(.text) for __scatterload
    entry9a.o(.ARM.Collect$$$$0000000B) refers to main.o(.text) for main
    entry9b.o(.ARM.Collect$$$$0000000C) refers to main.o(.text) for main
    uldiv.o(.text) refers to llushr.o(.text) for __aeabi_llsr
    uldiv.o(.text) refers to llshl.o(.text) for __aeabi_llsl
    dadd.o(.text) refers to llshl.o(.text) for __aeabi_llsl
    dadd.o(.text) refers to llsshr.o(.text) for __aeabi_lasr
    dadd.o(.text) refers to depilogue.o(.text) for _double_epilogue
    dmul.o(.text) refers to depilogue.o(.text) for _double_epilogue
    ddiv.o(.text) refers to depilogue.o(.text) for _double_round
    dfixul.o(.text) refers to llushr.o(.text) for __aeabi_llsr
    dfixul.o(.text) refers to llshl.o(.text) for __aeabi_llsl
    init.o(.text) refers to entry5.o(.ARM.Collect$$$$00000004) for __main_after_scatterload
    depilogue.o(.text) refers to llshl.o(.text) for __aeabi_llsl
    depilogue.o(.text) refers to llushr.o(.text) for __aeabi_llsr


==============================================================================

Removing Unused input sections from the image.

    Removing main.o(.rev16_text), (4 bytes).
    Removing main.o(.revsh_text), (4 bytes).
    Removing main.o(.rrx_text), (6 bytes).
    Removing ece353_hw2_fonts.o(.rev16_text), (4 bytes).
    Removing ece353_hw2_fonts.o(.revsh_text), (4 bytes).
    Removing ece353_hw2_fonts.o(.rrx_text), (6 bytes).
    Removing adc.o(.rev16_text), (4 bytes).
    Removing adc.o(.revsh_text), (4 bytes).
    Removing adc.o(.rrx_text), (6 bytes).
    Removing gpio_port.o(.rev16_text), (4 bytes).
    Removing gpio_port.o(.revsh_text), (4 bytes).
    Removing gpio_port.o(.rrx_text), (6 bytes).
    Removing timers.o(.rev16_text), (4 bytes).
    Removing timers.o(.revsh_text), (4 bytes).
    Removing timers.o(.rrx_text), (6 bytes).
    Removing i2c.o(.rev16_text), (4 bytes).
    Removing i2c.o(.revsh_text), (4 bytes).
    Removing i2c.o(.rrx_text), (6 bytes).
    Removing uart.o(.rev16_text), (4 bytes).
    Removing uart.o(.revsh_text), (4 bytes).
    Removing uart.o(.rrx_text), (6 bytes).
    Removing qei.o(.rev16_text), (4 bytes).
    Removing qei.o(.revsh_text), (4 bytes).
    Removing qei.o(.rrx_text), (6 bytes).
    Removing launchpad_io.o(.rev16_text), (4 bytes).
    Removing launchpad_io.o(.revsh_text), (4 bytes).
    Removing launchpad_io.o(.rrx_text), (6 bytes).
    Removing lcd.o(.rev16_text), (4 bytes).
    Removing lcd.o(.revsh_text), (4 bytes).
    Removing lcd.o(.rrx_text), (6 bytes).
    Removing ps2.o(.rev16_text), (4 bytes).
    Removing ps2.o(.revsh_text), (4 bytes).
    Removing ps2.o(.rrx_text), (6 bytes).
    Removing mcp23017.o(.rev16_text), (4 bytes).
    Removing mcp23017.o(.revsh_text), (4 bytes).
    Removing mcp23017.o(.rrx_text), (6 bytes).
    Removing mcp23017.o(.text), (348 bytes).
    Removing eeprom.o(.rev16_text), (4 bytes).
    Removing eeprom.o(.revsh_text), (4 bytes).
    Removing eeprom.o(.rrx_text), (6 bytes).
    Removing io_expander.o(.rev16_text), (4 bytes).
    Removing io_expander.o(.revsh_text), (4 bytes).
    Removing io_expander.o(.rrx_text), (6 bytes).
    Removing serial_debug.o(.rev16_text), (4 bytes).
    Removing serial_debug.o(.revsh_text), (4 bytes).
    Removing serial_debug.o(.rrx_text), (6 bytes).
    Removing system_tm4c123.o(.rev16_text), (4 bytes).
    Removing system_tm4c123.o(.revsh_text), (4 bytes).
    Removing system_tm4c123.o(.rrx_text), (6 bytes).
    Removing validate_uart.o(.rev16_text), (4 bytes).
    Removing validate_uart.o(.revsh_text), (4 bytes).
    Removing validate_uart.o(.rrx_text), (6 bytes).
    Removing validate_sysctl.o(.rev16_text), (4 bytes).
    Removing validate_sysctl.o(.revsh_text), (4 bytes).
    Removing validate_sysctl.o(.rrx_text), (6 bytes).
    Removing dadd.o(.text), (334 bytes).
    Removing dmul.o(.text), (228 bytes).
    Removing ddiv.o(.text), (222 bytes).
    Removing dfixul.o(.text), (48 bytes).
    Removing cdrcmple.o(.text), (48 bytes).
    Removing depilogue.o(.text), (186 bytes).

61 unused section(s) (total 1666 bytes) removed from the image.

==============================================================================

Image Symbol Table

    Local Symbols

    Symbol Name                              Value     Ov Type        Size  Object(Section)

    RESET                                    0x00000000   Section      620  startup_tm4c123.o(RESET)
    ../clib/microlib/division.c              0x00000000   Number         0  uidiv.o ABSOLUTE
    ../clib/microlib/division.c              0x00000000   Number         0  uldiv.o ABSOLUTE
    ../clib/microlib/init/entry.s            0x00000000   Number         0  entry8b.o ABSOLUTE
    ../clib/microlib/init/entry.s            0x00000000   Number         0  entry9a.o ABSOLUTE
    ../clib/microlib/init/entry.s            0x00000000   Number         0  entry11a.o ABSOLUTE
    ../clib/microlib/init/entry.s            0x00000000   Number         0  entry9b.o ABSOLUTE
    ../clib/microlib/init/entry.s            0x00000000   Number         0  entry10b.o ABSOLUTE
    ../clib/microlib/init/entry.s            0x00000000   Number         0  entry10a.o ABSOLUTE
    ../clib/microlib/init/entry.s            0x00000000   Number         0  entry.o ABSOLUTE
    ../clib/microlib/init/entry.s            0x00000000   Number         0  entry7a.o ABSOLUTE
    ../clib/microlib/init/entry.s            0x00000000   Number         0  entry5.o ABSOLUTE
    ../clib/microlib/init/entry.s            0x00000000   Number         0  entry11b.o ABSOLUTE
    ../clib/microlib/init/entry.s            0x00000000   Number         0  entry7b.o ABSOLUTE
    ../clib/microlib/init/entry.s            0x00000000   Number         0  entry8a.o ABSOLUTE
    ../clib/microlib/init/entry.s            0x00000000   Number         0  entry2.o ABSOLUTE
    ../clib/microlib/longlong.c              0x00000000   Number         0  llushr.o ABSOLUTE
    ../clib/microlib/longlong.c              0x00000000   Number         0  llshl.o ABSOLUTE
    ../clib/microlib/longlong.c              0x00000000   Number         0  llsshr.o ABSOLUTE
    ../clib/microlib/malloc/malloc.c         0x00000000   Number         0  mallocr.o ABSOLUTE
    ../clib/microlib/malloc/malloc.c         0x00000000   Number         0  mallocra.o ABSOLUTE
    ../clib/microlib/malloc/malloc.c         0x00000000   Number         0  malloca.o ABSOLUTE
    ../clib/microlib/malloc/malloc.c         0x00000000   Number         0  malloc.o ABSOLUTE
    ../clib/microlib/malloc/mvars.c          0x00000000   Number         0  mvars.o ABSOLUTE
    ../clib/microlib/printf/printf.c         0x00000000   Number         0  printf6.o ABSOLUTE
    ../clib/microlib/printf/printf.c         0x00000000   Number         0  printf1.o ABSOLUTE
    ../clib/microlib/printf/printf.c         0x00000000   Number         0  printf7.o ABSOLUTE
    ../clib/microlib/printf/printf.c         0x00000000   Number         0  printf8.o ABSOLUTE
    ../clib/microlib/printf/printf.c         0x00000000   Number         0  printf5.o ABSOLUTE
    ../clib/microlib/printf/printf.c         0x00000000   Number         0  printfa.o ABSOLUTE
    ../clib/microlib/printf/printf.c         0x00000000   Number         0  printf0.o ABSOLUTE
    ../clib/microlib/printf/printf.c         0x00000000   Number         0  printf4.o ABSOLUTE
    ../clib/microlib/printf/printf.c         0x00000000   Number         0  printf3.o ABSOLUTE
    ../clib/microlib/printf/printf.c         0x00000000   Number         0  printf2.o ABSOLUTE
    ../clib/microlib/printf/printf.c         0x00000000   Number         0  printfb.o ABSOLUTE
    ../clib/microlib/printf/stubs.s          0x00000000   Number         0  stubs.o ABSOLUTE
    ../clib/microlib/stdio/streams.c         0x00000000   Number         0  stdout.o ABSOLUTE
    ../clib/microlib/stdlib/rand.c           0x00000000   Number         0  rand.o ABSOLUTE
    ../clib/microlib/string/memcpy.c         0x00000000   Number         0  memcpyb.o ABSOLUTE
    ../clib/microlib/string/memcpy.c         0x00000000   Number         0  memcpya.o ABSOLUTE
    ../clib/microlib/stubs.s                 0x00000000   Number         0  iusefp.o ABSOLUTE
    ../fplib/microlib/fpadd.c                0x00000000   Number         0  dadd.o ABSOLUTE
    ../fplib/microlib/fpdiv.c                0x00000000   Number         0  ddiv.o ABSOLUTE
    ../fplib/microlib/fpepilogue.c           0x00000000   Number         0  depilogue.o ABSOLUTE
    ../fplib/microlib/fpfix.c                0x00000000   Number         0  dfixul.o ABSOLUTE
    ../fplib/microlib/fpmul.c                0x00000000   Number         0  dmul.o ABSOLUTE
    ..\\drivers\\c\\adc.c                    0x00000000   Number         0  adc.o ABSOLUTE
    ..\\drivers\\c\\gpio_port.c              0x00000000   Number         0  gpio_port.o ABSOLUTE
    ..\\drivers\\c\\i2c.c                    0x00000000   Number         0  i2c.o ABSOLUTE
    ..\\drivers\\c\\qei.c                    0x00000000   Number         0  qei.o ABSOLUTE
    ..\\drivers\\c\\timers.c                 0x00000000   Number         0  timers.o ABSOLUTE
    ..\\drivers\\c\\uart.c                   0x00000000   Number         0  uart.o ABSOLUTE
    ..\\peripherals\\c\\eeprom.c             0x00000000   Number         0  eeprom.o ABSOLUTE
    ..\\peripherals\\c\\launchpad_io.c       0x00000000   Number         0  launchpad_io.o ABSOLUTE
    ..\\peripherals\\c\\lcd.c                0x00000000   Number         0  lcd.o ABSOLUTE
    ..\\peripherals\\c\\mcp23017.c           0x00000000   Number         0  mcp23017.o ABSOLUTE
    ..\\peripherals\\c\\ps2.c                0x00000000   Number         0  ps2.o ABSOLUTE
    ..\\peripherals\\c\\serial_debug.c       0x00000000   Number         0  serial_debug.o ABSOLUTE
    ..\drivers\c\adc.c                       0x00000000   Number         0  adc.o ABSOLUTE
    ..\drivers\c\gpio_port.c                 0x00000000   Number         0  gpio_port.o ABSOLUTE
    ..\drivers\c\i2c.c                       0x00000000   Number         0  i2c.o ABSOLUTE
    ..\drivers\c\pc_buffer.c                 0x00000000   Number         0  pc_buffer.o ABSOLUTE
    ..\drivers\c\qei.c                       0x00000000   Number         0  qei.o ABSOLUTE
    ..\drivers\c\timers.c                    0x00000000   Number         0  timers.o ABSOLUTE
    ..\drivers\c\uart.c                      0x00000000   Number         0  uart.o ABSOLUTE
    ..\peripherals\c\eeprom.c                0x00000000   Number         0  eeprom.o ABSOLUTE
    ..\peripherals\c\launchpad_io.c          0x00000000   Number         0  launchpad_io.o ABSOLUTE
    ..\peripherals\c\lcd.c                   0x00000000   Number         0  lcd.o ABSOLUTE
    ..\peripherals\c\mcp23017.c              0x00000000   Number         0  mcp23017.o ABSOLUTE
    ..\peripherals\c\ps2.c                   0x00000000   Number         0  ps2.o ABSOLUTE
    ..\peripherals\c\serial_debug.c          0x00000000   Number         0  serial_debug.o ABSOLUTE
    HW3_images.c                             0x00000000   Number         0  hw3_images.o ABSOLUTE
    RTE\Device\TM4C123GH6PM\startup_TM4C123.s 0x00000000   Number         0  startup_tm4c123.o ABSOLUTE
    RTE\Device\TM4C123GH6PM\system_TM4C123.c 0x00000000   Number         0  system_tm4c123.o ABSOLUTE
    RTE\\Device\\TM4C123GH6PM\\system_TM4C123.c 0x00000000   Number         0  system_tm4c123.o ABSOLUTE
    cdrcmple.s                               0x00000000   Number         0  cdrcmple.o ABSOLUTE
    dc.s                                     0x00000000   Number         0  dc.o ABSOLUTE
    ece353_hw2_fonts.c                       0x00000000   Number         0  ece353_hw2_fonts.o ABSOLUTE
    ece353_hw2_fonts.c                       0x00000000   Number         0  ece353_hw2_fonts.o ABSOLUTE
    handlers.s                               0x00000000   Number         0  handlers.o ABSOLUTE
    init.s                                   0x00000000   Number         0  init.o ABSOLUTE
    io_expander.c                            0x00000000   Number         0  io_expander.o ABSOLUTE
    io_expander.c                            0x00000000   Number         0  io_expander.o ABSOLUTE
    main.c                                   0x00000000   Number         0  main.o ABSOLUTE
    main.c                                   0x00000000   Number         0  main.o ABSOLUTE
    validate_sysctl.c                        0x00000000   Number         0  validate_sysctl.o ABSOLUTE
    validate_sysctl.c                        0x00000000   Number         0  validate_sysctl.o ABSOLUTE
    validate_uart.c                          0x00000000   Number         0  validate_uart.o ABSOLUTE
    validate_uart.c                          0x00000000   Number         0  validate_uart.o ABSOLUTE
    .ARM.Collect$$$$00000000                 0x0000026c   Section        0  entry.o(.ARM.Collect$$$$00000000)
    .ARM.Collect$$$$00000001                 0x0000026c   Section        4  entry2.o(.ARM.Collect$$$$00000001)
    .ARM.Collect$$$$00000004                 0x00000270   Section        4  entry5.o(.ARM.Collect$$$$00000004)
    .ARM.Collect$$$$00000008                 0x00000274   Section        0  entry7b.o(.ARM.Collect$$$$00000008)
    .ARM.Collect$$$$0000000A                 0x00000274   Section        0  entry8b.o(.ARM.Collect$$$$0000000A)
    .ARM.Collect$$$$0000000B                 0x00000274   Section        8  entry9a.o(.ARM.Collect$$$$0000000B)
    .ARM.Collect$$$$0000000D                 0x0000027c   Section        0  entry10a.o(.ARM.Collect$$$$0000000D)
    .ARM.Collect$$$$0000000F                 0x0000027c   Section        0  entry11a.o(.ARM.Collect$$$$0000000F)
    .ARM.Collect$$$$00002712                 0x0000027c   Section        4  entry2.o(.ARM.Collect$$$$00002712)
    __lit__00000000                          0x0000027c   Data           4  entry2.o(.ARM.Collect$$$$00002712)
    .text                                    0x00000280   Section        0  main.o(.text)
    .text                                    0x00001820   Section        0  ece353_hw2_fonts.o(.text)
    .text                                    0x0000191c   Section        0  adc.o(.text)
    .text                                    0x00001ac4   Section        0  gpio_port.o(.text)
    verify_base_addr                         0x00001ac5   Thumb Code    64  gpio_port.o(.text)
    .text                                    0x00001e20   Section        0  timers.o(.text)
    __NVIC_SetPriority                       0x00001e21   Thumb Code    32  timers.o(.text)
    verify_base_addr                         0x00001e41   Thumb Code    64  timers.o(.text)
    get_clock_masks                          0x00001e81   Thumb Code   106  timers.o(.text)
    __NVIC_EnableIRQ                         0x00002099   Thumb Code    26  timers.o(.text)
    .text                                    0x000020d0   Section        0  i2c.o(.text)
    .text                                    0x000022d8   Section        0  uart.o(.text)
    .text                                    0x00002568   Section        0  pc_buffer.o(.text)
    .text                                    0x000025e0   Section        0  qei.o(.text)
    .text                                    0x0000267c   Section        0  launchpad_io.o(.text)
    .text                                    0x000026e4   Section        0  lcd.o(.text)
    delayms                                  0x000026e5   Thumb Code    26  lcd.o(.text)
    lcd_write_cmd_u8                         0x000026ff   Thumb Code    34  lcd.o(.text)
    lcd_write_data_u8                        0x00002721   Thumb Code    36  lcd.o(.text)
    .text                                    0x00002b78   Section        0  ps2.o(.text)
    initialize_adc_gpio_pins                 0x00002b79   Thumb Code    58  ps2.o(.text)
    .text                                    0x00002be8   Section        0  eeprom.o(.text)
    eeprom_wait_for_write                    0x00002be9   Thumb Code    68  eeprom.o(.text)
    .text                                    0x00002d70   Section        0  io_expander.o(.text)
    .text                                    0x00002f40   Section        0  serial_debug.o(.text)
    .text                                    0x00003150   Section      252  startup_tm4c123.o(.text)
    $v0                                      0x00003150   Number         0  startup_tm4c123.o(.text)
    .text                                    0x0000324c   Section        0  system_tm4c123.o(.text)
    getOscClk                                0x0000324d   Thumb Code   182  system_tm4c123.o(.text)
    .text                                    0x0000349c   Section        0  validate_uart.o(.text)
    uart_get_ibrd                            0x00003547   Thumb Code    30  validate_uart.o(.text)
    uart_get_fbrd                            0x00003565   Thumb Code    28  validate_uart.o(.text)
    uart_get_irq_num                         0x00003581   Thumb Code    68  validate_uart.o(.text)
    .text                                    0x0000389c   Section        0  validate_sysctl.o(.text)
    get_gpio_rcgc                            0x0000389d   Thumb Code    74  validate_sysctl.o(.text)
    get_adc_rcgc                             0x000038e7   Thumb Code    28  validate_sysctl.o(.text)
    get_gpt_rcgc                             0x00003903   Thumb Code    74  validate_sysctl.o(.text)
    get_uart_rcgc                            0x0000394d   Thumb Code    68  validate_sysctl.o(.text)
    get_spi_rcgc                             0x00003991   Thumb Code    48  validate_sysctl.o(.text)
    .text                                    0x00003a68   Section        0  rand.o(.text)
    .text                                    0x00003a8c   Section        0  uldiv.o(.text)
    .text                                    0x00003af0   Section       36  init.o(.text)
    .text                                    0x00003b14   Section        0  llshl.o(.text)
    .text                                    0x00003b32   Section        0  llushr.o(.text)
    i.__0printf$8                            0x00003b54   Section        0  printf8.o(i.__0printf$8)
    i.__0sprintf$8                           0x00003b74   Section        0  printf8.o(i.__0sprintf$8)
    i.__scatterload_copy                     0x00003b9c   Section       14  handlers.o(i.__scatterload_copy)
    i.__scatterload_null                     0x00003baa   Section        2  handlers.o(i.__scatterload_null)
    i.__scatterload_zeroinit                 0x00003bac   Section       14  handlers.o(i.__scatterload_zeroinit)
    i._printf_core                           0x00003bbc   Section        0  printf8.o(i._printf_core)
    _printf_core                             0x00003bbd   Thumb Code   996  printf8.o(i._printf_core)
    i._printf_post_padding                   0x00003fcc   Section        0  printf8.o(i._printf_post_padding)
    _printf_post_padding                     0x00003fcd   Thumb Code    36  printf8.o(i._printf_post_padding)
    i._printf_pre_padding                    0x00003ff0   Section        0  printf8.o(i._printf_pre_padding)
    _printf_pre_padding                      0x00003ff1   Thumb Code    46  printf8.o(i._printf_pre_padding)
    i._sputc                                 0x0000401e   Section        0  printf8.o(i._sputc)
    _sputc                                   0x0000401f   Thumb Code    10  printf8.o(i._sputc)
    i.free                                   0x00004028   Section        0  malloc.o(i.free)
    i.lcd_write_data_u16                     0x00004078   Section        0  lcd.o(i.lcd_write_data_u16)
    i.malloc                                 0x000040c4   Section        0  malloc.o(i.malloc)
    .constdata                               0x00004130   Section     2785  hw3_images.o(.constdata)
    .constdata                               0x00004c11   Section     3040  ece353_hw2_fonts.o(.constdata)
    .conststring                             0x000057f4   Section       92  validate_uart.o(.conststring)
    .data                                    0x20000000   Section      132  main.o(.data)
    state                                    0x2000007c   Data           1  main.o(.data)
    count                                    0x2000007e   Data           2  main.o(.data)
    reached_height                           0x20000080   Data           1  main.o(.data)
    count                                    0x20000081   Data           1  main.o(.data)
    duck_initial                             0x20000082   Data           1  main.o(.data)
    bullet_initial                           0x20000083   Data           1  main.o(.data)
    .data                                    0x20000084   Section        2  serial_debug.o(.data)
    Rx_Interrupts_Enabled                    0x20000084   Data           1  serial_debug.o(.data)
    Tx_Interrupts_Enabled                    0x20000085   Data           1  serial_debug.o(.data)
    .data                                    0x20000088   Section        4  system_tm4c123.o(.data)
    .data                                    0x2000008c   Section        4  stdout.o(.data)
    .data                                    0x20000090   Section        4  rand.o(.data)
    _rand_state                              0x20000090   Data           4  rand.o(.data)
    .data                                    0x20000094   Section        4  mvars.o(.data)
    .data                                    0x20000098   Section        4  mvars.o(.data)
    .bss                                     0x2000009c   Section       18  main.o(.bss)
    .bss                                     0x200000ae   Section       28  serial_debug.o(.bss)
    HEAP                                     0x200000d0   Section        0  startup_tm4c123.o(HEAP)
    STACK                                    0x200000d0   Section     4096  startup_tm4c123.o(STACK)

    Global Symbols

    Symbol Name                              Value     Ov Type        Size  Object(Section)

    BuildAttributes$$THM_ISAv4$E$P$D$K$B$S$7EM$VFPi3$EXTD16$VFPS$VFMA$PE$A:L22UL41UL21$X:L11$S22US41US21$IEEE1$IW$USESV6$~STKCKD$USESV7$~SHL$OSPACE$ROPI$EBA8$MICROLIB$REQ8$PRES8$EABIv2 0x00000000   Number         0  anon$$obj.o ABSOLUTE
    __ARM_use_no_argv                        0x00000000   Number         0  main.o ABSOLUTE
    __Vectors                                0x00000000   Data           4  startup_tm4c123.o(RESET)
    _printf_a                                0x00000000   Number         0  stubs.o ABSOLUTE
    _printf_c                                0x00000000   Number         0  stubs.o ABSOLUTE
    _printf_charcount                        0x00000000   Number         0  stubs.o ABSOLUTE
    _printf_d                                0x00000000   Number         0  stubs.o ABSOLUTE
    _printf_e                                0x00000000   Number         0  stubs.o ABSOLUTE
    _printf_f                                0x00000000   Number         0  stubs.o ABSOLUTE
    _printf_flags                            0x00000000   Number         0  stubs.o ABSOLUTE
    _printf_fp_dec                           0x00000000   Number         0  stubs.o ABSOLUTE
    _printf_fp_hex                           0x00000000   Number         0  stubs.o ABSOLUTE
    _printf_g                                0x00000000   Number         0  stubs.o ABSOLUTE
    _printf_i                                0x00000000   Number         0  stubs.o ABSOLUTE
    _printf_int_dec                          0x00000000   Number         0  stubs.o ABSOLUTE
    _printf_l                                0x00000000   Number         0  stubs.o ABSOLUTE
    _printf_lc                               0x00000000   Number         0  stubs.o ABSOLUTE
    _printf_ll                               0x00000000   Number         0  stubs.o ABSOLUTE
    _printf_lld                              0x00000000   Number         0  stubs.o ABSOLUTE
    _printf_lli                              0x00000000   Number         0  stubs.o ABSOLUTE
    _printf_llo                              0x00000000   Number         0  stubs.o ABSOLUTE
    _printf_llu                              0x00000000   Number         0  stubs.o ABSOLUTE
    _printf_llx                              0x00000000   Number         0  stubs.o ABSOLUTE
    _printf_longlong_dec                     0x00000000   Number         0  stubs.o ABSOLUTE
    _printf_longlong_hex                     0x00000000   Number         0  stubs.o ABSOLUTE
    _printf_longlong_oct                     0x00000000   Number         0  stubs.o ABSOLUTE
    _printf_ls                               0x00000000   Number         0  stubs.o ABSOLUTE
    _printf_mbtowc                           0x00000000   Number         0  stubs.o ABSOLUTE
    _printf_n                                0x00000000   Number         0  stubs.o ABSOLUTE
    _printf_o                                0x00000000   Number         0  stubs.o ABSOLUTE
    _printf_p                                0x00000000   Number         0  stubs.o ABSOLUTE
    _printf_percent                          0x00000000   Number         0  stubs.o ABSOLUTE
    _printf_pre_padding                      0x00000000   Number         0  stubs.o ABSOLUTE
    _printf_return_value                     0x00000000   Number         0  stubs.o ABSOLUTE
    _printf_s                                0x00000000   Number         0  stubs.o ABSOLUTE
    _printf_sizespec                         0x00000000   Number         0  stubs.o ABSOLUTE
    _printf_str                              0x00000000   Number         0  stubs.o ABSOLUTE
    _printf_truncate_signed                  0x00000000   Number         0  stubs.o ABSOLUTE
    _printf_truncate_unsigned                0x00000000   Number         0  stubs.o ABSOLUTE
    _printf_u                                0x00000000   Number         0  stubs.o ABSOLUTE
    _printf_wc                               0x00000000   Number         0  stubs.o ABSOLUTE
    _printf_wctomb                           0x00000000   Number         0  stubs.o ABSOLUTE
    _printf_widthprec                        0x00000000   Number         0  stubs.o ABSOLUTE
    _printf_x                                0x00000000   Number         0  stubs.o ABSOLUTE
    __cpp_initialize__aeabi_                  - Undefined Weak Reference
    __cxa_finalize                            - Undefined Weak Reference
    __decompress                              - Undefined Weak Reference
    _clock_init                               - Undefined Weak Reference
    _microlib_exit                            - Undefined Weak Reference
    __Vectors_End                            0x0000026c   Data           0  startup_tm4c123.o(RESET)
    __Vectors_Size                           0x0000026c   Number         0  startup_tm4c123.o ABSOLUTE
    __main                                   0x0000026d   Thumb Code     0  entry.o(.ARM.Collect$$$$00000000)
    _main_stk                                0x0000026d   Thumb Code     0  entry2.o(.ARM.Collect$$$$00000001)
    _main_scatterload                        0x00000271   Thumb Code     0  entry5.o(.ARM.Collect$$$$00000004)
    __main_after_scatterload                 0x00000275   Thumb Code     0  entry5.o(.ARM.Collect$$$$00000004)
    _main_clock                              0x00000275   Thumb Code     0  entry7b.o(.ARM.Collect$$$$00000008)
    _main_cpp_init                           0x00000275   Thumb Code     0  entry8b.o(.ARM.Collect$$$$0000000A)
    _main_init                               0x00000275   Thumb Code     0  entry9a.o(.ARM.Collect$$$$0000000B)
    __rt_final_cpp                           0x0000027d   Thumb Code     0  entry10a.o(.ARM.Collect$$$$0000000D)
    __rt_final_exit                          0x0000027d   Thumb Code     0  entry11a.o(.ARM.Collect$$$$0000000F)
    DisableInterrupts                        0x00000281   Thumb Code     4  main.o(.text)
    EnableInterrupts                         0x00000285   Thumb Code     4  main.o(.text)
    initialize_hardware                      0x00000289   Thumb Code   144  main.o(.text)
    sw1_debounce_fsm                         0x00000319   Thumb Code   124  main.o(.text)
    SysTick_Handler                          0x00000395   Thumb Code    56  main.o(.text)
    GPIOF_Handler                            0x000003cd   Thumb Code   112  main.o(.text)
    TIMER0A_Handler                          0x0000043d   Thumb Code    44  main.o(.text)
    ADC0SS2_Handler                          0x00000469   Thumb Code   130  main.o(.text)
    random_obstacle                          0x000004eb   Thumb Code    34  main.o(.text)
    add_obstacle                             0x0000050d   Thumb Code   130  main.o(.text)
    remove_obstacle                          0x0000058f   Thumb Code   180  main.o(.text)
    update_obstacles                         0x00000643   Thumb Code   568  main.o(.text)
    write_high_score                         0x0000087b   Thumb Code    76  main.o(.text)
    print_high_scores                        0x000008c7   Thumb Code   474  main.o(.text)
    set_initials                             0x00000aa1   Thumb Code   830  main.o(.text)
    start_game_screen                        0x00000ddf   Thumb Code   296  main.o(.text)
    end_game_screen                          0x00000f07   Thumb Code   716  main.o(.text)
    redraw_pacman_jump                       0x000011d3   Thumb Code   252  main.o(.text)
    redraw_pacman_duck                       0x000012cf   Thumb Code   126  main.o(.text)
    redraw_pacman_shooting                   0x0000134d   Thumb Code   112  main.o(.text)
    redraw_all                               0x000013bd   Thumb Code    92  main.o(.text)
    update_score                             0x00001419   Thumb Code   110  main.o(.text)
    main                                     0x00001487   Thumb Code   834  main.o(.text)
    lcd_print_character                      0x00001821   Thumb Code   130  ece353_hw2_fonts.o(.text)
    lcd_print_stringXY                       0x000018a3   Thumb Code   116  ece353_hw2_fonts.o(.text)
    initialize_adc_timer_trigger             0x0000191d   Thumb Code   178  adc.o(.text)
    initialize_adc                           0x000019cf   Thumb Code   114  adc.o(.text)
    get_adc_value                            0x00001a41   Thumb Code    58  adc.o(.text)
    start_adc_conversion                     0x00001a7b   Thumb Code    52  adc.o(.text)
    gpio_get_irq_num                         0x00001b05   Thumb Code    74  gpio_port.o(.text)
    gpio_enable_port                         0x00001b4f   Thumb Code   156  gpio_port.o(.text)
    gpio_config_digital_enable               0x00001beb   Thumb Code    34  gpio_port.o(.text)
    gpio_config_enable_output                0x00001c0d   Thumb Code    34  gpio_port.o(.text)
    gpio_config_enable_input                 0x00001c2f   Thumb Code    34  gpio_port.o(.text)
    gpio_config_enable_pullup                0x00001c51   Thumb Code    28  gpio_port.o(.text)
    gpio_config_enable_pulldown              0x00001c6d   Thumb Code    28  gpio_port.o(.text)
    gpio_config_analog_enable                0x00001c89   Thumb Code    44  gpio_port.o(.text)
    gpio_config_alternate_function           0x00001cb5   Thumb Code    34  gpio_port.o(.text)
    gpio_config_port_control                 0x00001cd7   Thumb Code    50  gpio_port.o(.text)
    gpio_config_open_drain                   0x00001d09   Thumb Code    34  gpio_port.o(.text)
    gpio_config_falling_edge_irq             0x00001d2b   Thumb Code   138  gpio_port.o(.text)
    gpio_config_rising_edge_irq              0x00001db5   Thumb Code    68  gpio_port.o(.text)
    gp_timer_wait                            0x00001eeb   Thumb Code    64  timers.o(.text)
    gp_timer_config_32                       0x00001f2b   Thumb Code   148  timers.o(.text)
    gp_timer_config_start_16                 0x00001fbf   Thumb Code   218  timers.o(.text)
    initializeI2CMaster                      0x000020d1   Thumb Code   160  i2c.o(.text)
    i2cVerifyBaseAddr                        0x00002171   Thumb Code    36  i2c.o(.text)
    i2cSetSlaveAddr                          0x00002195   Thumb Code    30  i2c.o(.text)
    i2cStop                                  0x000021b3   Thumb Code    26  i2c.o(.text)
    I2CMasterBusy                            0x000021cd   Thumb Code    34  i2c.o(.text)
    I2CMasterAdrAck                          0x000021ef   Thumb Code    34  i2c.o(.text)
    I2CMasterDatAck                          0x00002211   Thumb Code    34  i2c.o(.text)
    i2cSendByte                              0x00002233   Thumb Code    82  i2c.o(.text)
    i2cGetByte                               0x00002285   Thumb Code    60  i2c.o(.text)
    verify_uart_base                         0x000022d9   Thumb Code    54  uart.o(.text)
    uart_get_rcgc_mask                       0x0000230f   Thumb Code    68  uart.o(.text)
    uart_get_pr_mask                         0x00002353   Thumb Code    68  uart.o(.text)
    uart_get_irq_num                         0x00002397   Thumb Code    68  uart.o(.text)
    uart_tx_poll                             0x000023db   Thumb Code    38  uart.o(.text)
    uart_tx_poll_string                      0x00002401   Thumb Code    50  uart.o(.text)
    uart_rx_poll                             0x00002433   Thumb Code    70  uart.o(.text)
    uart_init                                0x00002479   Thumb Code   218  uart.o(.text)
    pc_buffer_init                           0x00002569   Thumb Code    24  pc_buffer.o(.text)
    pc_buffer_add                            0x00002581   Thumb Code    26  pc_buffer.o(.text)
    pc_buffer_remove                         0x0000259b   Thumb Code    28  pc_buffer.o(.text)
    pc_buffer_empty                          0x000025b7   Thumb Code    18  pc_buffer.o(.text)
    pc_buffer_full                           0x000025c9   Thumb Code    22  pc_buffer.o(.text)
    qei0_init                                0x000025e1   Thumb Code   132  qei.o(.text)
    get_qei1_pos                             0x00002665   Thumb Code     6  qei.o(.text)
    lp_io_set_pin                            0x0000267d   Thumb Code    20  launchpad_io.o(.text)
    lp_io_clear_pin                          0x00002691   Thumb Code    20  launchpad_io.o(.text)
    lp_io_read_pin                           0x000026a5   Thumb Code    22  launchpad_io.o(.text)
    lp_io_init                               0x000026bb   Thumb Code    34  launchpad_io.o(.text)
    lcd_set_pos                              0x00002745   Thumb Code    58  lcd.o(.text)
    lcd_clear_screen                         0x0000277f   Thumb Code    52  lcd.o(.text)
    lcd_draw_image                           0x000027b3   Thumb Code   242  lcd.o(.text)
    lcd_config_gpio                          0x000028a5   Thumb Code   152  lcd.o(.text)
    lcd_config_screen                        0x0000293d   Thumb Code   566  lcd.o(.text)
    ps2_initialize                           0x00002bb3   Thumb Code    14  ps2.o(.text)
    ps2_get_x                                0x00002bc1   Thumb Code    16  ps2.o(.text)
    ps2_get_y                                0x00002bd1   Thumb Code    16  ps2.o(.text)
    eeprom_byte_write                        0x00002c2d   Thumb Code    76  eeprom.o(.text)
    eeprom_byte_read                         0x00002c79   Thumb Code    88  eeprom.o(.text)
    eeprom_init                              0x00002cd1   Thumb Code   156  eeprom.o(.text)
    io_expander_init                         0x00002d71   Thumb Code   156  io_expander.o(.text)
    io_expander_read_reg                     0x00002e0d   Thumb Code    68  io_expander.o(.text)
    io_expander_en_interrupts                0x00002e51   Thumb Code   114  io_expander.o(.text)
    io_expander_write_reg                    0x00002ec3   Thumb Code    56  io_expander.o(.text)
    config_up_down_buttons                   0x00002efb   Thumb Code    44  io_expander.o(.text)
    init_serial_debug                        0x00002f41   Thumb Code   110  serial_debug.o(.text)
    serial_debug_rx                          0x00002faf   Thumb Code    46  serial_debug.o(.text)
    serial_debug_tx                          0x00002fdd   Thumb Code    84  serial_debug.o(.text)
    fputc                                    0x00003031   Thumb Code    66  serial_debug.o(.text)
    fgetc                                    0x00003073   Thumb Code    50  serial_debug.o(.text)
    UART0_Handler                            0x000030a5   Thumb Code   146  serial_debug.o(.text)
    Reset_Handler                            0x00003151   Thumb Code     8  startup_tm4c123.o(.text)
    NMI_Handler                              0x00003159   Thumb Code     2  startup_tm4c123.o(.text)
    HardFault_Handler                        0x0000315b   Thumb Code     2  startup_tm4c123.o(.text)
    MemManage_Handler                        0x0000315d   Thumb Code     2  startup_tm4c123.o(.text)
    BusFault_Handler                         0x0000315f   Thumb Code     2  startup_tm4c123.o(.text)
    UsageFault_Handler                       0x00003161   Thumb Code     2  startup_tm4c123.o(.text)
    SVC_Handler                              0x00003163   Thumb Code     2  startup_tm4c123.o(.text)
    DebugMon_Handler                         0x00003165   Thumb Code     2  startup_tm4c123.o(.text)
    PendSV_Handler                           0x00003167   Thumb Code     2  startup_tm4c123.o(.text)
    GPIOA_Handler                            0x0000316b   Thumb Code     2  startup_tm4c123.o(.text)
    GPIOB_Handler                            0x0000316d   Thumb Code     2  startup_tm4c123.o(.text)
    GPIOC_Handler                            0x0000316f   Thumb Code     2  startup_tm4c123.o(.text)
    GPIOD_Handler                            0x00003171   Thumb Code     2  startup_tm4c123.o(.text)
    GPIOE_Handler                            0x00003173   Thumb Code     2  startup_tm4c123.o(.text)
    UART1_Handler                            0x00003177   Thumb Code     2  startup_tm4c123.o(.text)
    SSI0_Handler                             0x00003179   Thumb Code     2  startup_tm4c123.o(.text)
    I2C0_Handler                             0x0000317b   Thumb Code     2  startup_tm4c123.o(.text)
    PMW0_FAULT_Handler                       0x0000317d   Thumb Code     2  startup_tm4c123.o(.text)
    PWM0_0_Handler                           0x0000317f   Thumb Code     2  startup_tm4c123.o(.text)
    PWM0_1_Handler                           0x00003181   Thumb Code     2  startup_tm4c123.o(.text)
    PWM0_2_Handler                           0x00003183   Thumb Code     2  startup_tm4c123.o(.text)
    QEI0_Handler                             0x00003185   Thumb Code     2  startup_tm4c123.o(.text)
    ADC0SS0_Handler                          0x00003187   Thumb Code     2  startup_tm4c123.o(.text)
    ADC0SS1_Handler                          0x00003189   Thumb Code     2  startup_tm4c123.o(.text)
    ADC0SS3_Handler                          0x0000318d   Thumb Code     2  startup_tm4c123.o(.text)
    WDT0_Handler                             0x0000318f   Thumb Code     2  startup_tm4c123.o(.text)
    TIMER0B_Handler                          0x00003193   Thumb Code     2  startup_tm4c123.o(.text)
    TIMER1A_Handler                          0x00003195   Thumb Code     2  startup_tm4c123.o(.text)
    TIMER1B_Handler                          0x00003197   Thumb Code     2  startup_tm4c123.o(.text)
    TIMER2A_Handler                          0x00003199   Thumb Code     2  startup_tm4c123.o(.text)
    TIMER2B_Handler                          0x0000319b   Thumb Code     2  startup_tm4c123.o(.text)
    COMP0_Handler                            0x0000319d   Thumb Code     2  startup_tm4c123.o(.text)
    COMP1_Handler                            0x0000319f   Thumb Code     2  startup_tm4c123.o(.text)
    COMP2_Handler                            0x000031a1   Thumb Code     2  startup_tm4c123.o(.text)
    SYSCTL_Handler                           0x000031a3   Thumb Code     2  startup_tm4c123.o(.text)
    FLASH_Handler                            0x000031a5   Thumb Code     2  startup_tm4c123.o(.text)
    GPIOG_Handler                            0x000031a9   Thumb Code     2  startup_tm4c123.o(.text)
    GPIOH_Handler                            0x000031ab   Thumb Code     2  startup_tm4c123.o(.text)
    UART2_Handler                            0x000031ad   Thumb Code     2  startup_tm4c123.o(.text)
    SSI1_Handler                             0x000031af   Thumb Code     2  startup_tm4c123.o(.text)
    TIMER3A_Handler                          0x000031b1   Thumb Code     2  startup_tm4c123.o(.text)
    TIMER3B_Handler                          0x000031b3   Thumb Code     2  startup_tm4c123.o(.text)
    I2C1_Handler                             0x000031b5   Thumb Code     2  startup_tm4c123.o(.text)
    QEI1_Handler                             0x000031b7   Thumb Code     2  startup_tm4c123.o(.text)
    CAN0_Handler                             0x000031b9   Thumb Code     2  startup_tm4c123.o(.text)
    CAN1_Handler                             0x000031bb   Thumb Code     2  startup_tm4c123.o(.text)
    CAN2_Handler                             0x000031bd   Thumb Code     2  startup_tm4c123.o(.text)
    HIB_Handler                              0x000031bf   Thumb Code     2  startup_tm4c123.o(.text)
    USB0_Handler                             0x000031c1   Thumb Code     2  startup_tm4c123.o(.text)
    PWM0_3_Handler                           0x000031c3   Thumb Code     2  startup_tm4c123.o(.text)
    UDMA_Handler                             0x000031c5   Thumb Code     2  startup_tm4c123.o(.text)
    UDMAERR_Handler                          0x000031c7   Thumb Code     2  startup_tm4c123.o(.text)
    ADC1SS0_Handler                          0x000031c9   Thumb Code     2  startup_tm4c123.o(.text)
    ADC1SS1_Handler                          0x000031cb   Thumb Code     2  startup_tm4c123.o(.text)
    ADC1SS2_Handler                          0x000031cd   Thumb Code     2  startup_tm4c123.o(.text)
    ADC1SS3_Handler                          0x000031cf   Thumb Code     2  startup_tm4c123.o(.text)
    GPIOJ_Handler                            0x000031d1   Thumb Code     2  startup_tm4c123.o(.text)
    GPIOK_Handler                            0x000031d3   Thumb Code     2  startup_tm4c123.o(.text)
    GPIOL_Handler                            0x000031d5   Thumb Code     2  startup_tm4c123.o(.text)
    SSI2_Handler                             0x000031d7   Thumb Code     2  startup_tm4c123.o(.text)
    SSI3_Handler                             0x000031d9   Thumb Code     2  startup_tm4c123.o(.text)
    UART3_Handler                            0x000031db   Thumb Code     2  startup_tm4c123.o(.text)
    UART4_Handler                            0x000031dd   Thumb Code     2  startup_tm4c123.o(.text)
    UART5_Handler                            0x000031df   Thumb Code     2  startup_tm4c123.o(.text)
    UART6_Handler                            0x000031e1   Thumb Code     2  startup_tm4c123.o(.text)
    UART7_Handler                            0x000031e3   Thumb Code     2  startup_tm4c123.o(.text)
    I2C2_Handler                             0x000031e5   Thumb Code     2  startup_tm4c123.o(.text)
    I2C3_Handler                             0x000031e7   Thumb Code     2  startup_tm4c123.o(.text)
    TIMER4A_Handler                          0x000031e9   Thumb Code     2  startup_tm4c123.o(.text)
    TIMER4B_Handler                          0x000031eb   Thumb Code     2  startup_tm4c123.o(.text)
    TIMER5A_Handler                          0x000031ed   Thumb Code     2  startup_tm4c123.o(.text)
    TIMER5B_Handler                          0x000031ef   Thumb Code     2  startup_tm4c123.o(.text)
    WTIMER0A_Handler                         0x000031f1   Thumb Code     2  startup_tm4c123.o(.text)
    WTIMER0B_Handler                         0x000031f3   Thumb Code     2  startup_tm4c123.o(.text)
    WTIMER1A_Handler                         0x000031f5   Thumb Code     2  startup_tm4c123.o(.text)
    WTIMER1B_Handler                         0x000031f7   Thumb Code     2  startup_tm4c123.o(.text)
    WTIMER2A_Handler                         0x000031f9   Thumb Code     2  startup_tm4c123.o(.text)
    WTIMER2B_Handler                         0x000031fb   Thumb Code     2  startup_tm4c123.o(.text)
    WTIMER3A_Handler                         0x000031fd   Thumb Code     2  startup_tm4c123.o(.text)
    WTIMER3B_Handler                         0x000031ff   Thumb Code     2  startup_tm4c123.o(.text)
    WTIMER4A_Handler                         0x00003201   Thumb Code     2  startup_tm4c123.o(.text)
    WTIMER4B_Handler                         0x00003203   Thumb Code     2  startup_tm4c123.o(.text)
    WTIMER5A_Handler                         0x00003205   Thumb Code     2  startup_tm4c123.o(.text)
    WTIMER5B_Handler                         0x00003207   Thumb Code     2  startup_tm4c123.o(.text)
    FPU_Handler                              0x00003209   Thumb Code     2  startup_tm4c123.o(.text)
    I2C4_Handler                             0x0000320b   Thumb Code     2  startup_tm4c123.o(.text)
    I2C5_Handler                             0x0000320d   Thumb Code     2  startup_tm4c123.o(.text)
    GPIOM_Handler                            0x0000320f   Thumb Code     2  startup_tm4c123.o(.text)
    GPION_Handler                            0x00003211   Thumb Code     2  startup_tm4c123.o(.text)
    QEI2_Handler                             0x00003213   Thumb Code     2  startup_tm4c123.o(.text)
    GPIOP0_Handler                           0x00003215   Thumb Code     2  startup_tm4c123.o(.text)
    GPIOP1_Handler                           0x00003217   Thumb Code     2  startup_tm4c123.o(.text)
    GPIOP2_Handler                           0x00003219   Thumb Code     2  startup_tm4c123.o(.text)
    GPIOP3_Handler                           0x0000321b   Thumb Code     2  startup_tm4c123.o(.text)
    GPIOP4_Handler                           0x0000321d   Thumb Code     2  startup_tm4c123.o(.text)
    GPIOP5_Handler                           0x0000321f   Thumb Code     2  startup_tm4c123.o(.text)
    GPIOP6_Handler                           0x00003221   Thumb Code     2  startup_tm4c123.o(.text)
    GPIOP7_Handler                           0x00003223   Thumb Code     2  startup_tm4c123.o(.text)
    GPIOQ0_Handler                           0x00003225   Thumb Code     2  startup_tm4c123.o(.text)
    GPIOQ1_Handler                           0x00003227   Thumb Code     2  startup_tm4c123.o(.text)
    GPIOQ2_Handler                           0x00003229   Thumb Code     2  startup_tm4c123.o(.text)
    GPIOQ3_Handler                           0x0000322b   Thumb Code     2  startup_tm4c123.o(.text)
    GPIOQ4_Handler                           0x0000322d   Thumb Code     2  startup_tm4c123.o(.text)
    GPIOQ5_Handler                           0x0000322f   Thumb Code     2  startup_tm4c123.o(.text)
    GPIOQ6_Handler                           0x00003231   Thumb Code     2  startup_tm4c123.o(.text)
    GPIOQ7_Handler                           0x00003233   Thumb Code     2  startup_tm4c123.o(.text)
    GPIOR_Handler                            0x00003235   Thumb Code     2  startup_tm4c123.o(.text)
    GPIOS_Handler                            0x00003237   Thumb Code     2  startup_tm4c123.o(.text)
    PMW1_0_Handler                           0x00003239   Thumb Code     2  startup_tm4c123.o(.text)
    PWM1_1_Handler                           0x0000323b   Thumb Code     2  startup_tm4c123.o(.text)
    PWM1_2_Handler                           0x0000323d   Thumb Code     2  startup_tm4c123.o(.text)
    PWM1_3_Handler                           0x0000323f   Thumb Code     2  startup_tm4c123.o(.text)
    PWM1_FAULT_Handler                       0x00003241   Thumb Code     2  startup_tm4c123.o(.text)
    SystemCoreClockUpdate                    0x00003303   Thumb Code   184  system_tm4c123.o(.text)
    SystemInit                               0x000033bb   Thumb Code   112  system_tm4c123.o(.text)
    put_string                               0x0000349d   Thumb Code    34  validate_uart.o(.text)
    validate_print_ice_validation_info_start 0x000034bf   Thumb Code    68  validate_uart.o(.text)
    validate_print_ice_validation_info_end   0x00003503   Thumb Code    68  validate_uart.o(.text)
    staff_uart_config_gpio                   0x000035c5   Thumb Code    82  validate_uart.o(.text)
    staff_uart_config_polling                0x00003617   Thumb Code    68  validate_uart.o(.text)
    validate_uart_baud_rate                  0x0000365b   Thumb Code    26  validate_uart.o(.text)
    validate_uart_line_control               0x00003675   Thumb Code    18  validate_uart.o(.text)
    validate_uart_interrupt_mask             0x00003687   Thumb Code    18  validate_uart.o(.text)
    validate_uart_control                    0x00003699   Thumb Code    18  validate_uart.o(.text)
    validate_uart_interrupts_enabled         0x000036ab   Thumb Code    44  validate_uart.o(.text)
    put_char                                 0x000036d7   Thumb Code    20  validate_uart.o(.text)
    get_char                                 0x000036eb   Thumb Code    62  validate_uart.o(.text)
    get_string                               0x00003729   Thumb Code    40  validate_uart.o(.text)
    initialize_serial_debug                  0x00003751   Thumb Code    12  validate_uart.o(.text)
    print_test_status                        0x0000375d   Thumb Code    52  validate_uart.o(.text)
    validate_uart                            0x00003791   Thumb Code   126  validate_uart.o(.text)
    validate_gpio_rcgc                       0x000039c1   Thumb Code    26  validate_sysctl.o(.text)
    validate_adc_rcgc                        0x000039db   Thumb Code    28  validate_sysctl.o(.text)
    validate_gpt_rcgc                        0x000039f7   Thumb Code    28  validate_sysctl.o(.text)
    validate_uart_rcgc                       0x00003a13   Thumb Code    28  validate_sysctl.o(.text)
    validate_spi_rcgc                        0x00003a2f   Thumb Code    28  validate_sysctl.o(.text)
    rand                                     0x00003a69   Thumb Code    20  rand.o(.text)
    srand                                    0x00003a7d   Thumb Code     6  rand.o(.text)
    __aeabi_uldivmod                         0x00003a8d   Thumb Code    98  uldiv.o(.text)
    __scatterload                            0x00003af1   Thumb Code    28  init.o(.text)
    __scatterload_rt2                        0x00003af1   Thumb Code     0  init.o(.text)
    __aeabi_llsl                             0x00003b15   Thumb Code    30  llshl.o(.text)
    _ll_shift_l                              0x00003b15   Thumb Code     0  llshl.o(.text)
    __aeabi_llsr                             0x00003b33   Thumb Code    32  llushr.o(.text)
    _ll_ushift_r                             0x00003b33   Thumb Code     0  llushr.o(.text)
    __0printf$8                              0x00003b55   Thumb Code    22  printf8.o(i.__0printf$8)
    __1printf$8                              0x00003b55   Thumb Code     0  printf8.o(i.__0printf$8)
    __2printf                                0x00003b55   Thumb Code     0  printf8.o(i.__0printf$8)
    __0sprintf$8                             0x00003b75   Thumb Code    34  printf8.o(i.__0sprintf$8)
    __1sprintf$8                             0x00003b75   Thumb Code     0  printf8.o(i.__0sprintf$8)
    __2sprintf                               0x00003b75   Thumb Code     0  printf8.o(i.__0sprintf$8)
    __scatterload_copy                       0x00003b9d   Thumb Code    14  handlers.o(i.__scatterload_copy)
    __scatterload_null                       0x00003bab   Thumb Code     2  handlers.o(i.__scatterload_null)
    __scatterload_zeroinit                   0x00003bad   Thumb Code    14  handlers.o(i.__scatterload_zeroinit)
    free                                     0x00004029   Thumb Code    76  malloc.o(i.free)
    lcd_write_data_u16                       0x00004079   Thumb Code    60  lcd.o(i.lcd_write_data_u16)
    malloc                                   0x000040c5   Thumb Code    92  malloc.o(i.malloc)
    bulletBitMap                             0x00004130   Data          54  hw3_images.o(.constdata)
    pacmanBitMap                             0x00004166   Data         128  hw3_images.o(.constdata)
    wallBitMap                               0x000041e6   Data         126  hw3_images.o(.constdata)
    ledgeBitMap                              0x00004264   Data          24  hw3_images.o(.constdata)
    ghostBitMap                              0x0000427c   Data         195  hw3_images.o(.constdata)
    flagBitMap                               0x0000433f   Data          90  hw3_images.o(.constdata)
    groundBitMap                             0x00004399   Data        2100  hw3_images.o(.constdata)
    pacmanDuckBitMap                         0x00004bcd   Data          68  hw3_images.o(.constdata)
    courierNewBitmap                         0x00004c11   Data        3040  ece353_hw2_fonts.o(.constdata)
    Region$$Table$$Base                      0x00005850   Number         0  anon$$obj.o(Region$$Table)
    Region$$Table$$Limit                     0x00005870   Number         0  anon$$obj.o(Region$$Table)
    alphabet                                 0x20000000   Data          27  main.o(.data)
    group                                    0x2000001b   Data           8  main.o(.data)
    individual_1                             0x20000023   Data          14  main.o(.data)
    individual_2                             0x20000031   Data          14  main.o(.data)
    head                                     0x20000040   Data           4  main.o(.data)
    tail                                     0x20000044   Data           4  main.o(.data)
    num_obstacles                            0x20000048   Data           1  main.o(.data)
    speed                                    0x20000049   Data           1  main.o(.data)
    redraw                                   0x2000004a   Data           1  main.o(.data)
    up_button                                0x2000004b   Data           1  main.o(.data)
    down_button                              0x2000004c   Data           1  main.o(.data)
    bullet_button                            0x2000004d   Data           1  main.o(.data)
    joystick_int                             0x2000004e   Data           1  main.o(.data)
    game_over                                0x2000004f   Data           1  main.o(.data)
    sw1_pressed                              0x20000050   Data           1  main.o(.data)
    read_qei                                 0x20000051   Data           1  main.o(.data)
    end_flag                                 0x20000052   Data           1  main.o(.data)
    ducking                                  0x20000053   Data           1  main.o(.data)
    ongoing_action                           0x20000054   Data           1  main.o(.data)
    game_winner                              0x20000055   Data           1  main.o(.data)
    bullet                                   0x20000056   Data           4  main.o(.data)
    pacManAction                             0x2000005a   Data           1  main.o(.data)
    pacman                                   0x2000005c   Data           6  main.o(.data)
    multiplier                               0x20000062   Data           1  main.o(.data)
    score_baseline                           0x20000063   Data           1  main.o(.data)
    score                                    0x20000064   Data           2  main.o(.data)
    buffer_str                               0x20000066   Data           6  main.o(.data)
    finishing_place                          0x2000006c   Data           1  main.o(.data)
    seed                                     0x2000006d   Data           1  main.o(.data)
    ps2_x                                    0x20000070   Data           4  main.o(.data)
    ps2_y                                    0x20000074   Data           4  main.o(.data)
    ps2_up                                   0x20000078   Data           1  main.o(.data)
    ps2_down                                 0x20000079   Data           1  main.o(.data)
    ps2_left                                 0x2000007a   Data           1  main.o(.data)
    ps2_right                                0x2000007b   Data           1  main.o(.data)
    SystemCoreClock                          0x20000088   Data           4  system_tm4c123.o(.data)
    __stdout                                 0x2000008c   Data           4  stdout.o(.data)
    __microlib_freelist                      0x20000094   Data           4  mvars.o(.data)
    __microlib_freelist_initialised          0x20000098   Data           4  mvars.o(.data)
    scores                                   0x2000009c   Data          18  main.o(.bss)
    UART0_Tx_Buffer                          0x200000ae   Data          14  serial_debug.o(.bss)
    UART0_Rx_Buffer                          0x200000bc   Data          14  serial_debug.o(.bss)
    __heap_base                              0x200000d0   Data           0  startup_tm4c123.o(HEAP)
    __heap_limit                             0x200000d0   Data           0  startup_tm4c123.o(HEAP)
    __initial_sp                             0x200010d0   Data           0  startup_tm4c123.o(STACK)



==============================================================================

Memory Map of the image

  Image Entry point : 0x00003151

  Load Region LR_1 (Base: 0x00000000, Size: 0x0000590c, Max: 0xffffffff, ABSOLUTE)

    Execution Region ER_RO (Exec base: 0x00000000, Load base: 0x00000000, Size: 0x00005870, Max: 0xffffffff, ABSOLUTE)

    Exec Addr    Load Addr    Size         Type   Attr      Idx    E Section Name        Object

    0x00000000   0x00000000   0x0000026c   Data   RO          540    RESET               startup_tm4c123.o
    0x0000026c   0x0000026c   0x00000000   Code   RO          681  * .ARM.Collect$$$$00000000  mc_w.l(entry.o)
    0x0000026c   0x0000026c   0x00000004   Code   RO          977    .ARM.Collect$$$$00000001  mc_w.l(entry2.o)
    0x00000270   0x00000270   0x00000004   Code   RO          980    .ARM.Collect$$$$00000004  mc_w.l(entry5.o)
    0x00000274   0x00000274   0x00000000   Code   RO          982    .ARM.Collect$$$$00000008  mc_w.l(entry7b.o)
    0x00000274   0x00000274   0x00000000   Code   RO          984    .ARM.Collect$$$$0000000A  mc_w.l(entry8b.o)
    0x00000274   0x00000274   0x00000008   Code   RO          985    .ARM.Collect$$$$0000000B  mc_w.l(entry9a.o)
    0x0000027c   0x0000027c   0x00000000   Code   RO          987    .ARM.Collect$$$$0000000D  mc_w.l(entry10a.o)
    0x0000027c   0x0000027c   0x00000000   Code   RO          989    .ARM.Collect$$$$0000000F  mc_w.l(entry11a.o)
    0x0000027c   0x0000027c   0x00000004   Code   RO          978    .ARM.Collect$$$$00002712  mc_w.l(entry2.o)
    0x00000280   0x00000280   0x000015a0   Code   RO            4    .text               main.o
    0x00001820   0x00001820   0x000000fc   Code   RO          147    .text               ece353_hw2_fonts.o
    0x0000191c   0x0000191c   0x000001a8   Code   RO          181    .text               adc.o
    0x00001ac4   0x00001ac4   0x0000035c   Code   RO          209    .text               gpio_port.o
    0x00001e20   0x00001e20   0x000002b0   Code   RO          233    .text               timers.o
    0x000020d0   0x000020d0   0x00000208   Code   RO          261    .text               i2c.o
    0x000022d8   0x000022d8   0x00000290   Code   RO          285    .text               uart.o
    0x00002568   0x00002568   0x00000076   Code   RO          306    .text               pc_buffer.o
    0x000025de   0x000025de   0x00000002   PAD
    0x000025e0   0x000025e0   0x0000009c   Code   RO          324    .text               qei.o
    0x0000267c   0x0000267c   0x00000068   Code   RO          348    .text               launchpad_io.o
    0x000026e4   0x000026e4   0x00000494   Code   RO          372    .text               lcd.o
    0x00002b78   0x00002b78   0x00000070   Code   RO          402    .text               ps2.o
    0x00002be8   0x00002be8   0x00000188   Code   RO          457    .text               eeprom.o
    0x00002d70   0x00002d70   0x000001d0   Code   RO          481    .text               io_expander.o
    0x00002f40   0x00002f40   0x00000210   Code   RO          505    .text               serial_debug.o
    0x00003150   0x00003150   0x000000fc   Code   RO          541  * .text               startup_tm4c123.o
    0x0000324c   0x0000324c   0x00000250   Code   RO          548    .text               system_tm4c123.o
    0x0000349c   0x0000349c   0x00000400   Code   RO          578    .text               ECE353-Validate.lib(validate_uart.o)
    0x0000389c   0x0000389c   0x000001cc   Code   RO          660    .text               ECE353-Validate.lib(validate_sysctl.o)
    0x00003a68   0x00003a68   0x00000024   Code   RO          685    .text               mc_w.l(rand.o)
    0x00003a8c   0x00003a8c   0x00000062   Code   RO          993    .text               mc_w.l(uldiv.o)
    0x00003aee   0x00003aee   0x00000002   PAD
    0x00003af0   0x00003af0   0x00000024   Code   RO         1012    .text               mc_w.l(init.o)
    0x00003b14   0x00003b14   0x0000001e   Code   RO         1014    .text               mc_w.l(llshl.o)
    0x00003b32   0x00003b32   0x00000020   Code   RO         1016    .text               mc_w.l(llushr.o)
    0x00003b52   0x00003b52   0x00000002   PAD
    0x00003b54   0x00003b54   0x00000020   Code   RO          895    i.__0printf$8       mc_w.l(printf8.o)
    0x00003b74   0x00003b74   0x00000028   Code   RO          897    i.__0sprintf$8      mc_w.l(printf8.o)
    0x00003b9c   0x00003b9c   0x0000000e   Code   RO         1024    i.__scatterload_copy  mc_w.l(handlers.o)
    0x00003baa   0x00003baa   0x00000002   Code   RO         1025    i.__scatterload_null  mc_w.l(handlers.o)
    0x00003bac   0x00003bac   0x0000000e   Code   RO         1026    i.__scatterload_zeroinit  mc_w.l(handlers.o)
    0x00003bba   0x00003bba   0x00000002   PAD
    0x00003bbc   0x00003bbc   0x00000410   Code   RO          902    i._printf_core      mc_w.l(printf8.o)
    0x00003fcc   0x00003fcc   0x00000024   Code   RO          903    i._printf_post_padding  mc_w.l(printf8.o)
    0x00003ff0   0x00003ff0   0x0000002e   Code   RO          904    i._printf_pre_padding  mc_w.l(printf8.o)
    0x0000401e   0x0000401e   0x0000000a   Code   RO          906    i._sputc            mc_w.l(printf8.o)
    0x00004028   0x00004028   0x00000050   Code   RO          949    i.free              mc_w.l(malloc.o)
    0x00004078   0x00004078   0x0000004c   Code   RO          390    i.lcd_write_data_u16  lcd.o
    0x000040c4   0x000040c4   0x0000006c   Code   RO          950    i.malloc            mc_w.l(malloc.o)
    0x00004130   0x00004130   0x00000ae1   Data   RO          128    .constdata          hw3_images.o
    0x00004c11   0x00004c11   0x00000be0   Data   RO          148    .constdata          ece353_hw2_fonts.o
    0x000057f1   0x000057f1   0x00000003   PAD
    0x000057f4   0x000057f4   0x0000005c   Data   RO          579    .conststring        ECE353-Validate.lib(validate_uart.o)
    0x00005850   0x00005850   0x00000020   Data   RO         1022    Region$$Table       anon$$obj.o


    Execution Region ER_RW (Exec base: 0x20000000, Load base: 0x00005870, Size: 0x0000009c, Max: 0xffffffff, ABSOLUTE)

    Exec Addr    Load Addr    Size         Type   Attr      Idx    E Section Name        Object

    0x20000000   0x00005870   0x00000084   Data   RW            6    .data               main.o
    0x20000084   0x000058f4   0x00000002   Data   RW          507    .data               serial_debug.o
    0x20000086   0x000058f6   0x00000002   PAD
    0x20000088   0x000058f8   0x00000004   Data   RW          549    .data               system_tm4c123.o
    0x2000008c   0x000058fc   0x00000004   Data   RW          684    .data               mc_w.l(stdout.o)
    0x20000090   0x00005900   0x00000004   Data   RW          686    .data               mc_w.l(rand.o)
    0x20000094   0x00005904   0x00000004   Data   RW          999    .data               mc_w.l(mvars.o)
    0x20000098   0x00005908   0x00000004   Data   RW         1000    .data               mc_w.l(mvars.o)


    Execution Region ER_ZI (Exec base: 0x2000009c, Load base: 0x0000590c, Size: 0x00001034, Max: 0xffffffff, ABSOLUTE)

    Exec Addr    Load Addr    Size         Type   Attr      Idx    E Section Name        Object

    0x2000009c        -       0x00000012   Zero   RW            5    .bss                main.o
    0x200000ae        -       0x0000001c   Zero   RW          506    .bss                serial_debug.o
    0x200000ca   0x0000590c   0x00000006   PAD
    0x200000d0        -       0x00000000   Zero   RW          539    HEAP                startup_tm4c123.o
    0x200000d0        -       0x00001000   Zero   RW          538    STACK               startup_tm4c123.o


==============================================================================

Image component sizes


      Code (inc. data)   RO Data    RW Data    ZI Data      Debug   Object Name

       424         22          0          0          0      32188   adc.o
       252          6       3040          0          0       1900   ece353_hw2_fonts.o
       392          4          0          0          0       1877   eeprom.o
       860         40          0          0          0       5830   gpio_port.o
         0          0       2785          0          0        748   hw3_images.o
       520         24          0          0          0       3593   i2c.o
       464         26          0          0          0       1699   io_expander.o
       104          8          0          0          0       1214   launchpad_io.o
      1248         38          0          0          0       3689   lcd.o
      5536        814          0        132         18      68122   main.o
       118          0          0          0          0       1847   pc_buffer.o
       112          8          0          0          0        905   ps2.o
       156         18          0          0          0        737   qei.o
       528         26          0          2         28       5705   serial_debug.o
       252         10        620          0       4096       5400   startup_tm4c123.o
       592        138          0          4          0       1473   system_tm4c123.o
       688         30          0          0          0      32803   timers.o
       656         54          0          0          0       3380   uart.o

    ----------------------------------------------------------------------
     12904       1266       6480        140       4148     173110   Object Totals
         0          0         32          0          0          0   (incl. Generated)
         2          0          3          2          6          0   (incl. Padding)

    ----------------------------------------------------------------------

      Code (inc. data)   RO Data    RW Data    ZI Data      Debug   Library Member Name

       460         38          0          0          0       2598   validate_sysctl.o
      1024        150         92          0          0      31422   validate_uart.o
         0          0          0          0          0          0   entry.o
         0          0          0          0          0          0   entry10a.o
         0          0          0          0          0          0   entry11a.o
         8          4          0          0          0          0   entry2.o
         4          0          0          0          0          0   entry5.o
         0          0          0          0          0          0   entry7b.o
         0          0          0          0          0          0   entry8b.o
         8          4          0          0          0          0   entry9a.o
        30          0          0          0          0          0   handlers.o
        36          8          0          0          0         68   init.o
        30          0          0          0          0         68   llshl.o
        32          0          0          0          0         68   llushr.o
       188         20          0          0          0        160   malloc.o
         0          0          0          8          0          0   mvars.o
      1204         60          0          0          0        504   printf8.o
        36         10          0          4          0        136   rand.o
         0          0          0          4          0          0   stdout.o
        98          0          0          0          0         92   uldiv.o

    ----------------------------------------------------------------------
      3164        294         92         16          0      35116   Library Totals
         6          0          0          0          0          0   (incl. Padding)

    ----------------------------------------------------------------------

      Code (inc. data)   RO Data    RW Data    ZI Data      Debug   Library Name

      1484        188         92          0          0      34020   ECE353-Validate.lib
      1674        106          0         16          0       1096   mc_w.l

    ----------------------------------------------------------------------
      3164        294         92         16          0      35116   Library Totals

    ----------------------------------------------------------------------

==============================================================================


      Code (inc. data)   RO Data    RW Data    ZI Data      Debug   

     16068       1560       6572        156       4148     205062   Grand Totals
     16068       1560       6572        156       4148     205062   ELF Image Totals
     16068       1560       6572        156          0          0   ROM Totals

==============================================================================

    Total RO  Size (Code + RO Data)                22640 (  22.11kB)
    Total RW  Size (RW Data + ZI Data)              4304 (   4.20kB)
    Total ROM Size (Code + RO Data + RW Data)      22796 (  22.26kB)

==============================================================================

