<html>
<body>
<pre>
<h1>µVision Build Log</h1>
<h2>Tool Versions:</h2>
IDE-Version: µVision V5.24.2.0
Copyright (C) 2017 ARM Ltd and ARM Germany GmbH. All rights reserved.
License Information: UW Madison CAE Flex license: MDK-ARM Professional: 300 user(s) (mdk_pro) Operation stops: 26 Jul 2018
 
Tool Versions:
Toolchain:       MDK-ARM Professional: 300 user(s)  Version: 5.24.1
Toolchain Path:  C:\Keil_v5\ARM\ARMCC\Bin
C Compiler:      Armcc.exe V5.06 update 5 (build 528)
Assembler:       Armasm.exe V5.06 update 5 (build 528)
Linker/Locator:  ArmLink.exe V5.06 update 5 (build 528)
Library Manager: ArmAr.exe V5.06 update 5 (build 528)
Hex Converter:   FromElf.exe V5.06 update 5 (build 528)
CPU DLL:         SARMCM3.DLL V5.24.1
Dialog DLL:      DCM.DLL V1.16.0.0
Target DLL:      lmidk-agdi.dll V???
Dialog DLL:      TCM.DLL V1.32.0.0
 
<h2>Project:</h2>
I:\ECE353\FINAL\HW3.uvprojx
Project File Date:  04/29/2018

<h2>Output:</h2>
*** Using Compiler 'V5.06 update 5 (build 528)', folder: 'C:\Keil_v5\ARM\ARMCC\Bin'
Rebuild target 'HW2'
compiling HW3_images.c...
HW3_images.h(33): warning:  #1-D: last line of file ends without a newline
  #endif
HW3_images.c: 1 warning, 0 errors
compiling ece353_hw2_fonts.c...
compiling main.c...
main.h(78): warning:  #1295-D: Deprecated declaration redraw_all - give arg types
  void redraw_all();
main.h(79): warning:  #1295-D: Deprecated declaration redraw_pacman_jump - give arg types
  void redraw_pacman_jump();
main.h(80): warning:  #1295-D: Deprecated declaration redraw_pacman_duck - give arg types
  void redraw_pacman_duck();
main.h(81): warning:  #1295-D: Deprecated declaration redraw_pacman_shooting - give arg types
  void redraw_pacman_shooting();
main.h(82): warning:  #1295-D: Deprecated declaration random_obstacle - give arg types
  obstacle_type_t random_obstacle();
main.h(83): warning:  #1295-D: Deprecated declaration update_obstacles - give arg types
  void update_obstacles();
main.h(84): warning:  #1295-D: Deprecated declaration add_obstacle - give arg types
  void add_obstacle();
main.h(89): warning:  #1295-D: Deprecated declaration update_score - give arg types
  void update_score();
HW3_images.h(33): warning:  #1-D: last line of file ends without a newline
  #endif
..\drivers\include\qei.h(15): warning:  #1-D: last line of file ends without a newline
  #endif
main.c(230): warning:  #550-D: variable "val"  was set but never used
  	int val; 
main.c(281): warning:  #177-D: variable "result"  was declared but never referenced
  	uint32_t result;	
main.c(484): warning:  #550-D: variable "curr_score"  was set but never used
  	uint16_t *curr_score;
main.c(778): warning:  #177-D: variable "readval"  was declared but never referenced
  	uint8_t readval;
main.c(779): warning:  #177-D: variable "addr"  was declared but never referenced
  	uint32_t addr;
main.c(780): warning:  #177-D: variable "sample_score"  was declared but never referenced
  	high_score_t sample_score;
main.c: 16 warnings, 0 errors
compiling adc.c...
compiling gpio_port.c...
..\drivers\c\gpio_port.c(82): warning:  #188-D: enumerated type mixed with another type
         return 0;
..\drivers\c\gpio_port.c: 1 warning, 0 errors
compiling timers.c...
compiling i2c.c...
compiling pc_buffer.c...
compiling uart.c...
..\drivers\c\uart.c(184): warning:  #188-D: enumerated type mixed with another type
         return 0;
..\drivers\c\uart.c: 1 warning, 0 errors
compiling qei.c...
..\drivers\include\qei.h(15): warning:  #1-D: last line of file ends without a newline
  #endif
..\drivers\c\qei.c: 1 warning, 0 errors
compiling launchpad_io.c...
..\peripherals\c\launchpad_io.c(67): warning:  #177-D: function "port_f_enable_port"  was declared but never referenced
  static __inline void  port_f_enable_port(void)
..\peripherals\c\launchpad_io.c(90): warning:  #177-D: function "port_f_digital_enable"  was declared but never referenced
  static __inline void  port_f_digital_enable(uint8_t bit_mask)
..\peripherals\c\launchpad_io.c(110): warning:  #177-D: function "port_f_enable_output"  was declared but never referenced
  static __inline void  port_f_enable_output(uint8_t bit_mask)
..\peripherals\c\launchpad_io.c(129): warning:  #177-D: function "port_f_enable_input"  was declared but never referenced
  static __inline void  port_f_enable_input(uint8_t bit_mask)
..\peripherals\c\launchpad_io.c(148): warning:  #177-D: function "port_f_enable_pull_up"  was declared but never referenced
  static __inline void  port_f_enable_pull_up(uint8_t bit_mask)
..\peripherals\c\launchpad_io.c: 5 warnings, 0 errors
compiling lcd.c...
compiling ps2.c...
compiling mcp23017.c...
..\peripherals\c\mcp23017.c(93): warning:  #550-D: variable "status"  was set but never used
  	i2c_status_t status;
..\peripherals\c\mcp23017.c(122): warning:  #1-D: last line of file ends without a newline
    
..\peripherals\c\mcp23017.c: 2 warnings, 0 errors
compiling eeprom.c...
..\peripherals\c\eeprom.c(118): warning:  #550-D: variable "status"  was set but never used
    i2c_status_t status;
..\peripherals\c\eeprom.c: 1 warning, 0 errors
compiling io_expander.c...
io_expander.c(113): warning:  #1-D: last line of file ends without a newline
  }
io_expander.c(94): warning:  #177-D: variable "status"  was declared but never referenced
  	i2c_status_t status;
io_expander.c: 2 warnings, 0 errors
assembling startup_TM4C123.s...
compiling serial_debug.c...
..\peripherals\c\serial_debug.c(166): warning:  #177-D: variable "uart_base"  was declared but never referenced
     uint32_t uart_base;
..\peripherals\c\serial_debug.c(167): warning:  #177-D: variable "tx_buffer"  was declared but never referenced
     PC_Buffer *tx_buffer;
..\peripherals\c\serial_debug.c: 2 warnings, 0 errors
compiling system_TM4C123.c...
linking...
Program Size: Code=16068 RO-data=6572 RW-data=156 ZI-data=4148  
".\obj\ece353_base_project.axf" - 0 Error(s), 32 Warning(s).

<h2>Software Packages used:</h2>

Package Vendor: ARM
                http://www.keil.com/pack/ARM.CMSIS.5.0.1.pack
                ARM.CMSIS.5.0.1
                CMSIS (Cortex Microcontroller Software Interface Standard)
   * Component: CORE Version: 5.0.1

Package Vendor: Keil
                http://www.keil.com/pack/Keil.TM4C_DFP.1.1.0.pack
                Keil.TM4C_DFP.1.1.0
                Texas Instruments Tiva C Series Device Support and Examples
   * Component: Startup Version: 1.0.1

<h2>Collection of Component include folders:</h2>
  .\RTE\_HW2
  C:\Keil_v5\ARM\PACK\ARM\CMSIS\5.0.1\CMSIS\Include
  C:\Keil_v5\ARM\PACK\Keil\TM4C_DFP\1.1.0\Device\Include\TM4C123

<h2>Collection of Component Files used:</h2>

   * Component: Keil::Device:Startup:1.0.1
      Source file:   Device\Source\ARM\startup_TM4C123.s
      Source file:   Device\Source\system_TM4C123.c
      Include file:  Device\Include\TM4C123\TM4C123.h

   * Component: ARM::CMSIS:CORE:5.0.1
Build Time Elapsed:  00:00:15
</pre>
</body>
</html>
